Microchip MPLAB XC8 Compiler V2.41

Linker command line:

-W-3 \
  --edf=C:\Program Files\Microchip\xc8\v2.41\pic\dat\20230208172133_en.msgs \
  -cn -h+dist/default/production\flaser-cont.X.production.sym \
  --cmf=dist/default/production\flaser-cont.X.production.cmf -z -Q16F1705 \
  -oC:\Users\user\AppData\Local\Temp\xcAsln4.\driver_tmp_3.o \
  --defsym=__MPLAB_BUILD=1 --fixupoverflow=error \
  -Mdist/default/production/flaser-cont.X.production.map \
  --md=C:\Users\user\AppData\Local\Temp\xcAsln4.\driver_tmp_0.dat -E1 \
  -ver=XC8 Compiler --acfsm=1493 -ACODE=00h-07FFhx4 -ASTRCODE=00h-01FFFh \
  -ASTRING=00h-0FFhx32 -ACONST=00h-0FFhx32 -AENTRY=00h-0FFhx32 \
  -ACOMMON=070h-07Fh -ABANK0=020h-06Fh -ABANK1=0A0h-0EFh \
  -ABANK2=0120h-016Fh -ABANK3=01A0h-01EFh -ABANK4=0220h-026Fh \
  -ABANK5=02A0h-02EFh -ABANK6=0320h-036Fh -ABANK7=03A0h-03EFh \
  -ABANK8=0420h-046Fh -ABANK9=04A0h-04EFh -ABANK10=0520h-056Fh \
  -ABANK11=05A0h-05EFh -ABANK12=0620h-064Fh -ABIGRAM=02000h-023EFh \
  -ARAM=020h-06Fh,0A0h-0EFh,0120h-016Fh,01A0h-01EFh,0220h-026Fh,02A0h-02EFh,0320h-036Fh,03A0h-03EFh,0420h-046Fh,04A0h-04EFh,0520h-056Fh,05A0h-05EFh,0620h-064Fh \
  -AABS1=020h-07Fh,0A0h-0EFh,0120h-016Fh,01A0h-01EFh,0220h-026Fh,02A0h-02EFh,0320h-036Fh,03A0h-03EFh,0420h-046Fh,04A0h-04EFh,0520h-056Fh,05A0h-05EFh,0620h-064Fh \
  -ASFR0=00h-01Fh -ASFR1=080h-09Fh -ASFR2=0100h-011Fh -ASFR3=0180h-019Fh \
  -ASFR4=0200h-021Fh -ASFR5=0280h-029Fh -ASFR6=0300h-031Fh \
  -ASFR7=0380h-039Fh -ASFR8=0400h-041Fh -ASFR9=0480h-049Fh \
  -ASFR10=0500h-051Fh -ASFR11=0580h-059Fh -ASFR12=0600h-061Fh \
  -ASFR13=0680h-06EFh -ASFR14=0700h-076Fh -ASFR15=0780h-07EFh \
  -ASFR16=0800h-086Fh -ASFR17=0880h-08EFh -ASFR18=0900h-096Fh \
  -ASFR19=0980h-09EFh -ASFR20=0A00h-0A6Fh -ASFR21=0A80h-0AEFh \
  -ASFR22=0B00h-0B6Fh -ASFR23=0B80h-0BEFh -ASFR24=0C00h-0C6Fh \
  -ASFR25=0C80h-0CEFh -ASFR26=0D00h-0D6Fh -ASFR27=0D80h-0DEFh \
  -ASFR28=0E00h-0E6Fh -ASFR29=0E80h-0EEFh -ASFR30=0F00h-0F6Fh \
  -ASFR31=0F80h-0FEFh -ACONFIG=08007h-08008h -DCONFIG=2 \
  -AIDLOC=08000h-08003h -DIDLOC=2 -DCODE=2 -DSTRCODE=2 -DSTRING=2 -DCONST=2 \
  -DENTRY=2 -preset_vec=00h,intentry,init,end_init -ppowerup=CODE \
  -pcinit=CODE -pfunctab=ENTRY -k \
  C:\Users\user\AppData\Local\Temp\xcAsln4.\driver_tmp_19.o \
  dist/default/production\flaser-cont.X.production.o 

Object code version is 3.11

Machine type is 16F1705



                Name                               Link     Load   Length Selector   Space Scale
C:\Users\user\AppData\Local\Temp\xcAsln4.\driver_tmp_19.o
                end_init                              2        2        2        0       0
                reset_vec                             0        0        2        0       0
                config                             8007     8007        2        0       4
                idloc                              8000     8000        4        0       5
dist/default/production\flaser-cont.X.production.o
                cinit                               7EB      7EB       15      FD6       0
                maintext_split_1                     81       81      76A      102       0
                config                             8007     8007        2        0       4
                idloc                              8000     8000        4        0       5
                text19                              B39      B39       12     1672       0
                text18                              B69      B69       1F     16D2       0
                text17                                A        A       12       14       0
                text16                              D7D      D7D       7F     1AFA       0
                text15                              B09      B09        8     1612       0
                text14                              B19      B19        A     1632       0
                text13                              B23      B23        A     1646       0
                text12                               1C       1C       65       38       0
                text11                              B11      B11        8     1622       0
                text10                              C84      C84       3C     1908       0
                text9                               BB0      BB0       34     1760       0
                text8                               DFC      DFC       ED     1BF8       0
                text7                               CC0      CC0       5A     1980       0
                text6                               C4C      C4C       38     1898       0
                text5                               B88      B88       28     1710       0
                text4                               B4B      B4B       1E     1696       0
                text3                               BE4      BE4       34     17C8       0
                text2                               C18      C18       34     1830       0
                text1                               D1A      D1A       63     1A34       0
                maintext                            EE9      EE9      117     1DD2       0
                cstackBANK0                          20       20       50       20       1
                cstackCOMMON                         70       70        E       70       1
                cstackBANK1                          A0       A0       17       A0       1
                clrtext                             B2D      B2D        C     165A       0
                bssBANK1                             B7       B7        6       A0       1
                stringtext33                       10C6     10C6        2     2000       0
                stringtext32                       10C2     10C2        4     2000       0
                stringtext31                       10BE     10BE        4     2000       0
                stringtext30                       10BA     10BA        4     2000       0
                stringtext29                       10B6     10B6        4     2000       0
                stringtext28                       10B2     10B2        4     2000       0
                stringtext27                       10AE     10AE        4     2000       0
                stringtext26                       10AA     10AA        4     2000       0
                stringtext25                       10A6     10A6        4     2000       0
                stringtext24                       10A2     10A2        4     2000       0
                stringtext23                       109E     109E        4     2000       0
                stringtext22                       109A     109A        4     2000       0
                stringtext21                       1096     1096        4     2000       0
                stringtext20                       1092     1092        4     2000       0
                stringtext19                       108E     108E        4     2000       0
                stringtext18                       108A     108A        4     2000       0
                stringtext17                       1086     1086        4     2000       0
                stringtext16                       1082     1082        4     2000       0
                stringtext15                       107E     107E        4     2000       0
                stringtext14                       107A     107A        4     2000       0
                stringtext13                       1076     1076        4     2000       0
                stringtext12                       106F     106F        7     2000       0
                stringtext11                       1068     1068        7     2000       0
                stringtext10                       1060     1060        8     2000       0
                stringtext9                        1058     1058        8     2000       0
                stringtext8                        1050     1050        8     2000       0
                stringtext7                        1048     1048        8     2000       0
                stringtext6                        1040     1040        8     2000       0
                stringtext5                        1038     1038        8     2000       0
                stringtext4                        1030     1030        8     2000       0
                stringtext3                        1028     1028        8     2000       0
                stringtext2                        1020     1020        8     2000       0
                stringtext1                        1000     1000       20     2000       0

TOTAL           Name                               Link     Load   Length     Space
        CLASS   CODE           
                end_init                              2        2        2         0
                cinit                               7EB      7EB       15         0
                reset_vec                             0        0        2         0
                maintext_split_1                     81       81      76A         0
                text19                              B39      B39       12         0
                text18                              B69      B69       1F         0
                text17                                A        A       12         0
                text16                              D7D      D7D       7F         0
                text15                              B09      B09        8         0
                text14                              B19      B19        A         0
                text13                              B23      B23        A         0
                text12                               1C       1C       65         0
                text11                              B11      B11        8         0
                text10                              C84      C84       3C         0
                text9                               BB0      BB0       34         0
                text8                               DFC      DFC       ED         0
                text7                               CC0      CC0       5A         0
                text6                               C4C      C4C       38         0
                text5                               B88      B88       28         0
                text4                               B4B      B4B       1E         0
                text3                               BE4      BE4       34         0
                text2                               C18      C18       34         0
                text1                               D1A      D1A       63         0
                maintext                            EE9      EE9      117         0
                clrtext                             B2D      B2D        C         0

        CLASS   STRCODE        
                stringtext33                       10C6     10C6        2         0
                stringtext32                       10C2     10C2        4         0
                stringtext31                       10BE     10BE        4         0
                stringtext30                       10BA     10BA        4         0
                stringtext29                       10B6     10B6        4         0
                stringtext28                       10B2     10B2        4         0
                stringtext27                       10AE     10AE        4         0
                stringtext26                       10AA     10AA        4         0
                stringtext25                       10A6     10A6        4         0
                stringtext24                       10A2     10A2        4         0
                stringtext23                       109E     109E        4         0
                stringtext22                       109A     109A        4         0
                stringtext21                       1096     1096        4         0
                stringtext20                       1092     1092        4         0
                stringtext19                       108E     108E        4         0
                stringtext18                       108A     108A        4         0
                stringtext17                       1086     1086        4         0
                stringtext16                       1082     1082        4         0
                stringtext15                       107E     107E        4         0
                stringtext14                       107A     107A        4         0
                stringtext13                       1076     1076        4         0
                stringtext12                       106F     106F        7         0
                stringtext11                       1068     1068        7         0
                stringtext10                       1060     1060        8         0
                stringtext9                        1058     1058        8         0
                stringtext8                        1050     1050        8         0
                stringtext7                        1048     1048        8         0
                stringtext6                        1040     1040        8         0
                stringtext5                        1038     1038        8         0
                stringtext4                        1030     1030        8         0
                stringtext3                        1028     1028        8         0
                stringtext2                        1020     1020        8         0
                stringtext1                        1000     1000       20         0

        CLASS   STRING         

        CLASS   CONST          

        CLASS   ENTRY          

        CLASS   COMMON         
                cstackCOMMON                         70       70        E         1

        CLASS   BANK0          
                cstackBANK0                          20       20       50         1

        CLASS   BANK1          
                cstackBANK1                          A0       A0       17         1
                bssBANK1                             B7       B7        6         1

        CLASS   BANK2          

        CLASS   BANK3          

        CLASS   BANK4          

        CLASS   BANK5          

        CLASS   BANK6          

        CLASS   BANK7          

        CLASS   BANK8          

        CLASS   BANK9          

        CLASS   BANK10         

        CLASS   BANK11         

        CLASS   BANK12         

        CLASS   BIGRAM         

        CLASS   RAM            

        CLASS   ABS1           
                abs_s1                               7E       7E        2         1
                abs_s1                              1E4      1E4        C         1
                abs_s1                              220      220       50         1
                abs_s1                              2A0      2A0       50         1
                abs_s1                              320      320       50         1
                abs_s1                              3A0      3A0       50         1
                abs_s1                              420      420       50         1
                abs_s1                              4A0      4A0       50         1
                abs_s1                              520      520       50         1
                abs_s1                              5A0      5A0       50         1
                abs_s1                              620      620       30         1
                abs_s1                             2134     2134        0         1
                abs_s1                             22C4     22C4        0         1

        CLASS   SFR0           

        CLASS   SFR1           

        CLASS   SFR2           

        CLASS   SFR3           

        CLASS   SFR4           

        CLASS   SFR5           

        CLASS   SFR6           

        CLASS   SFR7           

        CLASS   SFR8           

        CLASS   SFR9           

        CLASS   SFR10          

        CLASS   SFR11          

        CLASS   SFR12          

        CLASS   SFR13          

        CLASS   SFR14          

        CLASS   SFR15          

        CLASS   SFR16          

        CLASS   SFR17          

        CLASS   SFR18          

        CLASS   SFR19          

        CLASS   SFR20          

        CLASS   SFR21          

        CLASS   SFR22          

        CLASS   SFR23          

        CLASS   SFR24          

        CLASS   SFR25          

        CLASS   SFR26          

        CLASS   SFR27          

        CLASS   SFR28          

        CLASS   SFR29          

        CLASS   SFR30          

        CLASS   SFR31          

        CLASS   CONFIG         
                config                             8007     8007        2         4

        CLASS   IDLOC          
                idloc                              8000     8000        4         5

        CLASS   BANK31         

        CLASS   BANK30         

        CLASS   BANK29         

        CLASS   BANK28         

        CLASS   BANK27         

        CLASS   BANK26         

        CLASS   BANK25         

        CLASS   BANK24         

        CLASS   BANK23         

        CLASS   BANK22         

        CLASS   BANK21         

        CLASS   BANK20         

        CLASS   BANK19         

        CLASS   BANK18         

        CLASS   BANK17         

        CLASS   BANK16         

        CLASS   BANK15         

        CLASS   BANK14         

        CLASS   BANK13         

        CLASS   HEAP           

        CLASS   STACK          

        CLASS   EEDATA         



SEGMENTS        Name                           Load    Length   Top    Selector   Space  Class     Delta

                reset_vec                      000000  000004  000004         0       0  CODE        2
                text17                         00000A  000012  00001C        14       0  CODE        2
                cstackBANK0                    000020  000050  000070        20       1  BANK0       1
                text12                         00001C  000065  000081        38       0  CODE        2
                cstackCOMMON                   000070  00000E  00007E        70       1  COMMON      1
                cstackBANK1                    0000A0  00001D  0000BD        A0       1  BANK1       1
                maintext_split_1               000081  00076A  0007EB       102       0  CODE        2
                cinit                          0007EB  000015  000800       FD6       0  CODE        2
                text15                         000B09  000008  000B11      1612       0  CODE        2
                text11                         000B11  000008  000B19      1622       0  CODE        2
                text14                         000B19  00000A  000B23      1632       0  CODE        2
                text13                         000B23  00000A  000B2D      1646       0  CODE        2
                clrtext                        000B2D  00000C  000B39      165A       0  CODE        2
                text19                         000B39  000012  000B4B      1672       0  CODE        2
                text4                          000B4B  00001E  000B69      1696       0  CODE        2
                text18                         000B69  00001F  000B88      16D2       0  CODE        2
                text5                          000B88  000028  000BB0      1710       0  CODE        2
                text9                          000BB0  000034  000BE4      1760       0  CODE        2
                text3                          000BE4  000034  000C18      17C8       0  CODE        2
                text2                          000C18  000034  000C4C      1830       0  CODE        2
                text6                          000C4C  000038  000C84      1898       0  CODE        2
                text10                         000C84  00003C  000CC0      1908       0  CODE        2
                text7                          000CC0  00005A  000D1A      1980       0  CODE        2
                text1                          000D1A  000063  000D7D      1A34       0  CODE        2
                text16                         000D7D  00007F  000DFC      1AFA       0  CODE        2
                text8                          000DFC  0000ED  000EE9      1BF8       0  CODE        2
                maintext                       000EE9  000117  001000      1DD2       0  CODE        2
                stringtext1                    001000  0000C8  0010C8      2000       0  STRCODE     2


UNUSED ADDRESS RANGES

        Name                Unused          Largest block    Delta
        BANK1            0000BD-0000EF               33           1
        BANK2            000120-00016F               50           1
        BANK3            0001A0-0001E3               44           1
        BIGRAM           002000-0023EF              3F0           1
        CODE             000004-000009                6           2
                         000800-000B08              309
                         0010C8-001FFF              738
        CONST            000004-000009                6           2
                         000800-000B08              100
                         0010C8-001FFF              100
        ENTRY            000004-000009                6           2
                         000800-000B08              100
                         0010C8-001FFF              100
        RAM              0000BD-0000EF               33           1
                         000120-00016F               50
                         0001A0-0001E3               44
        SFR0             000000-00001F               20           1
        SFR1             000080-00009F               20           1
        SFR10            000500-00051F               20           1
        SFR11            000580-00059F               20           1
        SFR12            000600-00061F               20           1
        SFR13            000680-0006EF               70           1
        SFR14            000700-00076F               70           1
        SFR15            000780-0007EF               70           1
        SFR16            000800-00086F               70           1
        SFR17            000880-0008EF               70           1
        SFR18            000900-00096F               70           1
        SFR19            000980-0009EF               70           1
        SFR2             000100-00011F               20           1
        SFR20            000A00-000A6F               70           1
        SFR21            000A80-000AEF               70           1
        SFR22            000B00-000B6F               70           1
        SFR23            000B80-000BEF               70           1
        SFR24            000C00-000C6F               70           1
        SFR25            000C80-000CEF               70           1
        SFR26            000D00-000D6F               70           1
        SFR27            000D80-000DEF               70           1
        SFR28            000E00-000E6F               70           1
        SFR29            000E80-000EEF               70           1
        SFR3             000180-00019F               20           1
        SFR30            000F00-000F6F               70           1
        SFR31            000F80-000FEF               70           1
        SFR4             000200-00021F               20           1
        SFR5             000280-00029F               20           1
        SFR6             000300-00031F               20           1
        SFR7             000380-00039F               20           1
        SFR8             000400-00041F               20           1
        SFR9             000480-00049F               20           1
        STRCODE          000004-000009                6           2
                         000800-000B08              309
                         0010C8-001FFF              F38
        STRING           000004-000009                6           2
                         000800-000B08              100
                         0010C8-001FFF              100

                                  Symbol Table

?___lldiv                cstackCOMMON     000070
?___lwdiv                cstackCOMMON     000070
?___lwmod                cstackCOMMON     000078
?___wmul                 cstackCOMMON     000070
?_atoi                   cstackCOMMON     000076
?_cgets                  cstackCOMMON     000072
?_printf                 cstackBANK0      000020
?_strchr                 cstackCOMMON     000070
?_strcmp                 cstackCOMMON     000070
?_strcspn                cstackCOMMON     000077
?_strspn                 cstackCOMMON     000077
?_strtok                 cstackBANK0      000022
_ANSELA                  (abs)            00018C
_ANSELC                  (abs)            00018E
_BRG16                   (abs)            000CFB
_DAC1CON0                (abs)            000118
_DAC1CON1                (abs)            000119
_OSCCON                  (abs)            000099
_PICinit                 text19           000B39
_PORTA                   (abs)            00000C
_PORTC                   (abs)            00000E
_RA0PPS                  (abs)            000E90
_RC1STA                  (abs)            00019D
_RCIF                    (abs)            00008D
_RCREG                   (abs)            000199
_RCSTA                   (abs)            00019D
_RXPPS                   (abs)            000E24
_SP1BRGH                 (abs)            00019C
_SP1BRGL                 (abs)            00019B
_SPBRG                   (abs)            00019B
_TRISA                   (abs)            00008C
_TRISC                   (abs)            00008E
_TX1STA                  (abs)            00019E
_TXIF                    (abs)            00008C
_TXREG                   (abs)            00019A
_TXSTA                   (abs)            00019E
__H__absolute__          __absolute__     000000
__Habs1                  abs1             000000
__Hbank0                 bank0            000000
__Hbank1                 bank1            000000
__Hbank10                bank10           000000
__Hbank11                bank11           000000
__Hbank12                bank12           000000
__Hbank13                bank13           000000
__Hbank14                bank14           000000
__Hbank15                bank15           000000
__Hbank16                bank16           000000
__Hbank17                bank17           000000
__Hbank18                bank18           000000
__Hbank19                bank19           000000
__Hbank2                 bank2            000000
__Hbank20                bank20           000000
__Hbank21                bank21           000000
__Hbank22                bank22           000000
__Hbank23                bank23           000000
__Hbank24                bank24           000000
__Hbank25                bank25           000000
__Hbank26                bank26           000000
__Hbank27                bank27           000000
__Hbank28                bank28           000000
__Hbank29                bank29           000000
__Hbank3                 bank3            000000
__Hbank30                bank30           000000
__Hbank31                bank31           000000
__Hbank4                 bank4            000000
__Hbank5                 bank5            000000
__Hbank6                 bank6            000000
__Hbank7                 bank7            000000
__Hbank8                 bank8            000000
__Hbank9                 bank9            000000
__Hbigram                bigram           000000
__HbssBANK1              bssBANK1         000000
__Hcinit                 cinit            000800
__Hclrtext               clrtext          000000
__Hcode                  code             000000
__Hcommon                common           000000
__Hconfig                config           008009
__HcstackBANK0           cstackBANK0      000000
__HcstackBANK1           cstackBANK1      000000
__HcstackCOMMON          cstackCOMMON     000000
__Heeprom_data           eeprom_data      000000
__Hend_init              end_init         000004
__Hfunctab               functab          000000
__Hheap                  heap             000000
__Hidloc                 idloc            008004
__Hinit                  init             000002
__Hintentry              intentry         000002
__Hmaintext              maintext         000000
__Hmaintext_split_1      maintext_split_1 000000
__Hpowerup               powerup          000000
__Hram                   ram              000000
__Hreset_vec             reset_vec        000002
__Hsfr0                  sfr0             000000
__Hsfr1                  sfr1             000000
__Hsfr10                 sfr10            000000
__Hsfr11                 sfr11            000000
__Hsfr12                 sfr12            000000
__Hsfr13                 sfr13            000000
__Hsfr14                 sfr14            000000
__Hsfr15                 sfr15            000000
__Hsfr16                 sfr16            000000
__Hsfr17                 sfr17            000000
__Hsfr18                 sfr18            000000
__Hsfr19                 sfr19            000000
__Hsfr2                  sfr2             000000
__Hsfr20                 sfr20            000000
__Hsfr21                 sfr21            000000
__Hsfr22                 sfr22            000000
__Hsfr23                 sfr23            000000
__Hsfr24                 sfr24            000000
__Hsfr25                 sfr25            000000
__Hsfr26                 sfr26            000000
__Hsfr27                 sfr27            000000
__Hsfr28                 sfr28            000000
__Hsfr29                 sfr29            000000
__Hsfr3                  sfr3             000000
__Hsfr30                 sfr30            000000
__Hsfr31                 sfr31            000000
__Hsfr4                  sfr4             000000
__Hsfr5                  sfr5             000000
__Hsfr6                  sfr6             000000
__Hsfr7                  sfr7             000000
__Hsfr8                  sfr8             000000
__Hsfr9                  sfr9             000000
__Hspace_0               (abs)            0010C8
__Hspace_1               (abs)            0000BD
__Hspace_2               (abs)            000000
__Hspace_3               (abs)            000000
__Hspace_4               (abs)            010010
__Hstack                 stack            000000
__Hstrings               strings          000000
__Hstringtext1           stringtext1      000000
__Hstringtext10          stringtext10     000000
__Hstringtext11          stringtext11     000000
__Hstringtext12          stringtext12     000000
__Hstringtext13          stringtext13     000000
__Hstringtext14          stringtext14     000000
__Hstringtext15          stringtext15     000000
__Hstringtext16          stringtext16     000000
__Hstringtext17          stringtext17     000000
__Hstringtext18          stringtext18     000000
__Hstringtext19          stringtext19     000000
__Hstringtext2           stringtext2      000000
__Hstringtext20          stringtext20     000000
__Hstringtext21          stringtext21     000000
__Hstringtext22          stringtext22     000000
__Hstringtext23          stringtext23     000000
__Hstringtext24          stringtext24     000000
__Hstringtext25          stringtext25     000000
__Hstringtext26          stringtext26     000000
__Hstringtext27          stringtext27     000000
__Hstringtext28          stringtext28     000000
__Hstringtext29          stringtext29     000000
__Hstringtext3           stringtext3      000000
__Hstringtext30          stringtext30     000000
__Hstringtext31          stringtext31     000000
__Hstringtext32          stringtext32     000000
__Hstringtext33          stringtext33     000000
__Hstringtext34          stringtext34     000000
__Hstringtext4           stringtext4      000000
__Hstringtext5           stringtext5      000000
__Hstringtext6           stringtext6      000000
__Hstringtext7           stringtext7      000000
__Hstringtext8           stringtext8      000000
__Hstringtext9           stringtext9      000000
__Htext                  text             000000
__L__absolute__          __absolute__     000000
__Labs1                  abs1             000000
__Lbank0                 bank0            000000
__Lbank1                 bank1            000000
__Lbank10                bank10           000000
__Lbank11                bank11           000000
__Lbank12                bank12           000000
__Lbank13                bank13           000000
__Lbank14                bank14           000000
__Lbank15                bank15           000000
__Lbank16                bank16           000000
__Lbank17                bank17           000000
__Lbank18                bank18           000000
__Lbank19                bank19           000000
__Lbank2                 bank2            000000
__Lbank20                bank20           000000
__Lbank21                bank21           000000
__Lbank22                bank22           000000
__Lbank23                bank23           000000
__Lbank24                bank24           000000
__Lbank25                bank25           000000
__Lbank26                bank26           000000
__Lbank27                bank27           000000
__Lbank28                bank28           000000
__Lbank29                bank29           000000
__Lbank3                 bank3            000000
__Lbank30                bank30           000000
__Lbank31                bank31           000000
__Lbank4                 bank4            000000
__Lbank5                 bank5            000000
__Lbank6                 bank6            000000
__Lbank7                 bank7            000000
__Lbank8                 bank8            000000
__Lbank9                 bank9            000000
__Lbigram                bigram           000000
__LbssBANK1              bssBANK1         000000
__Lcinit                 cinit            0007EB
__Lclrtext               clrtext          000000
__Lcode                  code             000000
__Lcommon                common           000000
__Lconfig                config           000000
__LcstackBANK0           cstackBANK0      000000
__LcstackBANK1           cstackBANK1      000000
__LcstackCOMMON          cstackCOMMON     000000
__Leeprom_data           eeprom_data      000000
__Lend_init              end_init         000002
__Lfunctab               functab          000000
__Lheap                  heap             000000
__Lidloc                 idloc            000000
__Linit                  init             000002
__Lintentry              intentry         000002
__Lmaintext              maintext         000000
__Lmaintext_split_1      maintext_split_1 000000
__Lpowerup               powerup          000000
__Lram                   ram              000000
__Lreset_vec             reset_vec        000000
__Lsfr0                  sfr0             000000
__Lsfr1                  sfr1             000000
__Lsfr10                 sfr10            000000
__Lsfr11                 sfr11            000000
__Lsfr12                 sfr12            000000
__Lsfr13                 sfr13            000000
__Lsfr14                 sfr14            000000
__Lsfr15                 sfr15            000000
__Lsfr16                 sfr16            000000
__Lsfr17                 sfr17            000000
__Lsfr18                 sfr18            000000
__Lsfr19                 sfr19            000000
__Lsfr2                  sfr2             000000
__Lsfr20                 sfr20            000000
__Lsfr21                 sfr21            000000
__Lsfr22                 sfr22            000000
__Lsfr23                 sfr23            000000
__Lsfr24                 sfr24            000000
__Lsfr25                 sfr25            000000
__Lsfr26                 sfr26            000000
__Lsfr27                 sfr27            000000
__Lsfr28                 sfr28            000000
__Lsfr29                 sfr29            000000
__Lsfr3                  sfr3             000000
__Lsfr30                 sfr30            000000
__Lsfr31                 sfr31            000000
__Lsfr4                  sfr4             000000
__Lsfr5                  sfr5             000000
__Lsfr6                  sfr6             000000
__Lsfr7                  sfr7             000000
__Lsfr8                  sfr8             000000
__Lsfr9                  sfr9             000000
__Lspace_0               (abs)            000000
__Lspace_1               (abs)            000000
__Lspace_2               (abs)            000000
__Lspace_3               (abs)            000000
__Lspace_4               (abs)            000000
__Lstack                 stack            000000
__Lstrings               strings          000000
__Lstringtext1           stringtext1      000000
__Lstringtext10          stringtext10     000000
__Lstringtext11          stringtext11     000000
__Lstringtext12          stringtext12     000000
__Lstringtext13          stringtext13     000000
__Lstringtext14          stringtext14     000000
__Lstringtext15          stringtext15     000000
__Lstringtext16          stringtext16     000000
__Lstringtext17          stringtext17     000000
__Lstringtext18          stringtext18     000000
__Lstringtext19          stringtext19     000000
__Lstringtext2           stringtext2      000000
__Lstringtext20          stringtext20     000000
__Lstringtext21          stringtext21     000000
__Lstringtext22          stringtext22     000000
__Lstringtext23          stringtext23     000000
__Lstringtext24          stringtext24     000000
__Lstringtext25          stringtext25     000000
__Lstringtext26          stringtext26     000000
__Lstringtext27          stringtext27     000000
__Lstringtext28          stringtext28     000000
__Lstringtext29          stringtext29     000000
__Lstringtext3           stringtext3      000000
__Lstringtext30          stringtext30     000000
__Lstringtext31          stringtext31     000000
__Lstringtext32          stringtext32     000000
__Lstringtext33          stringtext33     000000
__Lstringtext34          stringtext34     000000
__Lstringtext4           stringtext4      000000
__Lstringtext5           stringtext5      000000
__Lstringtext6           stringtext6      000000
__Lstringtext7           stringtext7      000000
__Lstringtext8           stringtext8      000000
__Lstringtext9           stringtext9      000000
__Ltext                  text             000000
__S0                     (abs)            0010C8
__S1                     (abs)            0000BD
___heap_hi               (abs)            000000
___heap_lo               (abs)            000000
___int_sp                stack            000000
___latbits               (abs)            000002
___lldiv                 text7            000CC0
___lldiv@counter         cstackCOMMON     00007D
___lldiv@dividend        cstackCOMMON     000074
___lldiv@divisor         cstackCOMMON     000070
___lldiv@quotient        cstackCOMMON     000079
___lwdiv                 text10           000C84
___lwdiv@counter         cstackCOMMON     000077
___lwdiv@dividend        cstackCOMMON     000072
___lwdiv@divisor         cstackCOMMON     000070
___lwdiv@quotient        cstackCOMMON     000075
___lwmod                 text9            000BB0
___lwmod@counter         cstackCOMMON     00007D
___lwmod@dividend        cstackCOMMON     00007A
___lwmod@divisor         cstackCOMMON     000078
___sp                    stack            000000
___stackhi               (abs)            000000
___stacklo               (abs)            000000
___wmul                  text18           000B69
___wmul@multiplicand     cstackCOMMON     000072
___wmul@multiplier       cstackCOMMON     000070
___wmul@product          cstackCOMMON     000074
__end_of_PICinit         text19           000B4B
__end_of___lldiv         text7            000D1A
__end_of___lwdiv         text10           000CC0
__end_of___lwmod         text9            000BE4
__end_of___wmul          text18           000B88
__end_of__initialization cinit            0007FD
__end_of_atoi            text16           000DFC
__end_of_cgets           text12           000081
__end_of_dpowers         stringtext1      00100A
__end_of_getch           text15           000B11
__end_of_getche          text13           000B2D
__end_of_gets            text11           000B19
__end_of_isdigit         text17           00001C
__end_of_main            maintext_split_1 0007EB
__end_of_printf          text8            000EE9
__end_of_putch           text14           000B23
__end_of_serial_init     text6            000C84
__end_of_strchr          text4            000B69
__end_of_strcmp          text5            000BB0
__end_of_strcspn         text3            000C18
__end_of_strspn          text2            000C4C
__end_of_strtok          text1            000D7D
__initialization         cinit            0007EB
__pbssBANK1              bssBANK1         0000B7
__pbssBIGRAM             (abs)            002134
__pcstackBANK0           cstackBANK0      000020
__pcstackBANK1           cstackBANK1      0000A0
__pcstackCOMMON          cstackCOMMON     000070
__pmaintext              maintext         000EE9
__pstringtext1           stringtext1      001000
__pstringtext10          stringtext10     001060
__pstringtext11          stringtext11     001068
__pstringtext12          stringtext12     00106F
__pstringtext13          stringtext13     001076
__pstringtext14          stringtext14     00107A
__pstringtext15          stringtext15     00107E
__pstringtext16          stringtext16     001082
__pstringtext17          stringtext17     001086
__pstringtext18          stringtext18     00108A
__pstringtext19          stringtext19     00108E
__pstringtext2           stringtext2      001020
__pstringtext20          stringtext20     001092
__pstringtext21          stringtext21     001096
__pstringtext22          stringtext22     00109A
__pstringtext23          stringtext23     00109E
__pstringtext24          stringtext24     0010A2
__pstringtext25          stringtext25     0010A6
__pstringtext26          stringtext26     0010AA
__pstringtext27          stringtext27     0010AE
__pstringtext28          stringtext28     0010B2
__pstringtext29          stringtext29     0010B6
__pstringtext3           stringtext3      001028
__pstringtext30          stringtext30     0010BA
__pstringtext31          stringtext31     0010BE
__pstringtext32          stringtext32     0010C2
__pstringtext33          stringtext33     0010C6
__pstringtext34          stringtext34     000000
__pstringtext4           stringtext4      001030
__pstringtext5           stringtext5      001038
__pstringtext6           stringtext6      001040
__pstringtext7           stringtext7      001048
__pstringtext8           stringtext8      001050
__pstringtext9           stringtext9      001058
__ptext1                 text1            000D1A
__ptext10                text10           000C84
__ptext11                text11           000B11
__ptext12                text12           00001C
__ptext13                text13           000B23
__ptext14                text14           000B19
__ptext15                text15           000B09
__ptext16                text16           000D7D
__ptext17                text17           00000A
__ptext18                text18           000B69
__ptext19                text19           000B39
__ptext2                 text2            000C18
__ptext3                 text3            000BE4
__ptext4                 text4            000B4B
__ptext5                 text5            000B88
__ptext6                 text6            000C4C
__ptext7                 text7            000CC0
__ptext8                 text8            000DFC
__ptext9                 text9            000BB0
_ap1_dat                 (abs)            002134
_ap2_dat                 bssBANK1         0000B7
_atoi                    text16           000D7D
_cgets                   text12           00001C
_dpowers                 stringtext1      001000
_getch                   text15           000B09
_getche                  text13           000B23
_gets                    text11           000B11
_isdigit                 text17           00000A
_isdigit$580             cstackCOMMON     000070
_main                    maintext         000EE9
_printf                  text8            000DFC
_putch                   text14           000B19
_serial_init             text6            000C4C
_strchr                  text4            000B4B
_strcmp                  text5            000B88
_strcspn                 text3            000BE4
_strspn                  text2            000C18
_strtok                  text1            000D1A
atoi@a                   cstackBANK0      000021
atoi@s                   cstackCOMMON     000076
atoi@sign                cstackBANK0      000020
btemp                    (abs)            00007E
cgets@c                  cstackCOMMON     000076
cgets@s                  cstackCOMMON     000072
cgets@s1                 cstackCOMMON     000078
clear_ram0               clrtext          000B2D
end_of_initialization    cinit            0007FD
getche@c                 cstackCOMMON     000071
gets@s                   cstackCOMMON     00007A
intlevel0                functab          000000
intlevel1                functab          000000
intlevel2                functab          000000
intlevel3                functab          000000
intlevel4                functab          000000
intlevel5                functab          000000
isdigit@c                cstackCOMMON     000071
main@cmd                 cstackBANK1      0000B0
main@fp1_amp             cstackBANK0      000052
main@fp1_time            cstackBANK0      000050
main@fp2_amp             cstackBANK0      000056
main@fp2_time            cstackBANK0      000054
main@fp3_amp             cstackBANK0      00005A
main@fp3_time            cstackBANK0      000058
main@fp4_amp             cstackBANK0      00005E
main@fp4_time            cstackBANK0      00005C
main@fp5_amp             cstackBANK0      000062
main@fp5_time            cstackBANK0      000060
main@fp6_amp             cstackBANK0      000066
main@fp6_time            cstackBANK0      000064
main@i                   cstackBANK0      00006C
main@i_144               cstackBANK1      0000AE
main@i_149               cstackBANK0      00006E
main@i_150               cstackBANK1      0000AC
main@i_175               cstackBANK1      0000A2
main@i_177               cstackBANK1      0000A4
main@i_179               cstackBANK0      000038
main@i_181               cstackBANK0      00003A
main@i_183               cstackBANK0      00003C
main@i_185               cstackBANK0      00003E
main@i_187               cstackBANK0      000040
main@i_189               cstackBANK0      000042
main@i_191               cstackBANK0      000044
main@i_192               cstackBANK0      000046
main@i_193               cstackBANK0      000048
main@i_194               cstackBANK0      00004A
main@i_195               cstackBANK0      00004C
main@i_196               cstackBANK0      00004E
main@i_198               cstackBANK1      0000A8
main@i_199               cstackBANK1      0000AA
main@k                   cstackBANK1      0000A0
main@k_197               cstackBANK1      0000A6
main@num_ap1             cstackBANK0      000068
main@num_ap1_cnt         cstackBANK0      000034
main@num_ap2             cstackBANK0      00006A
main@num_ap2_cnt         cstackBANK0      000036
main@ptr                 cstackBANK1      0000B5
main@rcmd                cstackBANK1      0000B1
main@tmp                 (abs)            0022C4
pnum$maintext            (abs)            00002A
pnum$maintext_split_1    (abs)            000040
printf@ap                cstackBANK0      00002A
printf@c                 cstackBANK0      00002F
printf@cp                cstackBANK0      00002B
printf@f                 cstackBANK0      000020
printf@flag              cstackBANK0      000028
printf@prec              cstackBANK0      000029
printf@val               cstackBANK0      00002D
psplit$0                 (abs)            2A0040
putch@byte               cstackCOMMON     000070
reset_vec                reset_vec        000000
serial_init@BR           cstackBANK0      000020
serial_init@X            cstackBANK0      000028
start                    init             000002
start_initialization     cinit            0007EB
strchr@chr               cstackCOMMON     000072
strchr@ptr               cstackCOMMON     000070
strcmp@r                 cstackCOMMON     000074
strcmp@s1                cstackCOMMON     000070
strcmp@s2                cstackCOMMON     000072
strcspn@i                cstackBANK0      000020
strcspn@s1               cstackCOMMON     000077
strcspn@s2               cstackCOMMON     000079
strspn@i                 cstackBANK0      000020
strspn@s1                cstackCOMMON     000077
strspn@s2                cstackCOMMON     000079
strtok@s1                cstackBANK0      000022
strtok@s2                cstackBANK0      000024
strtok@sp                bssBANK1         0000BB
wtemp0                   (abs)            00007E


MODULE INFORMATION

Module		Function		Class		Link	Load	Size
C:\Program Files\Microchip\xc8\v2.41\pic\sources\c90\common\cgets.c
		_cgets         		CODE           	001C	0000	101

C:\Program Files\Microchip\xc8\v2.41\pic\sources\c90\common\cgets.c estimated size: 101

uart.c
		_putch         		CODE           	0B19	0000	10
		_getche        		CODE           	0B23	0000	10
		_getch         		CODE           	0B09	0000	8

uart.c estimated size: 28

C:\Program Files\Microchip\xc8\v2.41\pic\sources\c90\common\Umul16.c
		___wmul        		CODE           	0B69	0000	31

C:\Program Files\Microchip\xc8\v2.41\pic\sources\c90\common\Umul16.c estimated size: 31

C:\Program Files\Microchip\xc8\v2.41\pic\sources\c90\common\lwdiv.c
		___lwdiv       		CODE           	0C84	0000	60

C:\Program Files\Microchip\xc8\v2.41\pic\sources\c90\common\lwdiv.c estimated size: 60

C:\Program Files\Microchip\xc8\v2.41\pic\sources\c90\common\__lldiv.c
		___lldiv       		CODE           	0CC0	0000	90

C:\Program Files\Microchip\xc8\v2.41\pic\sources\c90\common\__lldiv.c estimated size: 90

C:\Program Files\Microchip\xc8\v2.41\pic\sources\c90\common\strtok.c
		_strtok        		CODE           	0D1A	0000	99

C:\Program Files\Microchip\xc8\v2.41\pic\sources\c90\common\strtok.c estimated size: 99

C:\Program Files\Microchip\xc8\v2.41\pic\sources\c90\common\isdigit.c
		_isdigit       		CODE           	000A	0000	18

C:\Program Files\Microchip\xc8\v2.41\pic\sources\c90\common\isdigit.c estimated size: 18

C:\Program Files\Microchip\xc8\v2.41\pic\sources\c90\common\atoi.c
		_atoi          		CODE           	0D7D	0000	127

C:\Program Files\Microchip\xc8\v2.41\pic\sources\c90\common\atoi.c estimated size: 127

C:\Program Files\Microchip\xc8\v2.41\pic\sources\c90\common\strcspn.c
		_strcspn       		CODE           	0BE4	0000	52

C:\Program Files\Microchip\xc8\v2.41\pic\sources\c90\common\strcspn.c estimated size: 52

shared
		_dpowers       		STRCODE        	1000	0000	10
		__initialization		CODE           	07EB	0000	18

shared estimated size: 28

C:\Program Files\Microchip\xc8\v2.41\pic\sources\c90\common\strcmp.c
		_strcmp        		CODE           	0B88	0000	40

C:\Program Files\Microchip\xc8\v2.41\pic\sources\c90\common\strcmp.c estimated size: 40

C:\Program Files\Microchip\xc8\v2.41\pic\sources\c90\common\strchr.c
		_strchr        		CODE           	0B4B	0000	30

C:\Program Files\Microchip\xc8\v2.41\pic\sources\c90\common\strchr.c estimated size: 30

C:\Program Files\Microchip\xc8\v2.41\pic\sources\c90\common\gets.c
		_gets          		CODE           	0B11	0000	8

C:\Program Files\Microchip\xc8\v2.41\pic\sources\c90\common\gets.c estimated size: 8

C:\Program Files\Microchip\xc8\v2.41\pic\sources\c90\common\doprnt.c
		_printf        		CODE           	0DFC	0000	237

C:\Program Files\Microchip\xc8\v2.41\pic\sources\c90\common\doprnt.c estimated size: 237

C:\Program Files\Microchip\xc8\v2.41\pic\sources\c90\common\lwmod.c
		___lwmod       		CODE           	0BB0	0000	52

C:\Program Files\Microchip\xc8\v2.41\pic\sources\c90\common\lwmod.c estimated size: 52

main.c
		_PICinit       		CODE           	0B39	0000	18
		_main          		CODE           	0EE9	0000	2177
		_serial_init   		CODE           	0C4C	0000	56

main.c estimated size: 2251

C:\Program Files\Microchip\xc8\v2.41\pic\sources\c90\common\strspn.c
		_strspn        		CODE           	0C18	0000	52

C:\Program Files\Microchip\xc8\v2.41\pic\sources\c90\common\strspn.c estimated size: 52

