Microchip MPLAB XC8 Compiler V3.10

Linker command line:

-W-3 \
  --edf=C:\Program Files\Microchip\xc8\v3.10\pic\dat\20250813170317_en.msgs \
  -cn -h+dist/default/production\ps-uv-laser-ctl-unit.X.production.sym \
  --cmf=dist/default/production\ps-uv-laser-ctl-unit.X.production.cmf -z \
  -Q16F1778 -oC:\Users\shimi\AppData\Local\Temp\xcAsd9c.0\driver_tmp_3.o \
  --defsym=__MPLAB_BUILD=1 --fixupoverflow=error \
  -Mdist/default/production/ps-uv-laser-ctl-unit.X.production.map \
  --md=C:\Users\shimi\AppData\Local\Temp\xcAsd9c.0\driver_tmp_0.dat -E1 \
  -ver=XC8 Compiler -ACODE=00h-07FFhx8 -ASTRCODE=00h-03FFFh \
  -ASTRING=00h-0FFhx64 -ACONST=00h-0FFhx64 -AENTRY=00h-0FFhx64 \
  -ACOMMON=070h-07Fh -ABANK0=020h-06Fh -ABANK1=0A0h-0EFh \
  -ABANK2=0120h-016Fh -ABANK3=01A0h-01EFh -ABANK4=0220h-026Fh \
  -ABANK5=02A0h-02EFh -ABANK6=0320h-036Fh -ABANK7=03A0h-03EFh \
  -ABANK8=0420h-046Fh -ABANK9=04A0h-04EFh -ABANK10=0520h-056Fh \
  -ABANK11=05A0h-05EFh -ABANK12=0620h-064Fh -ABANK13=06A0h-06EFh \
  -ABANK14=0720h-076Fh -ABANK15=07A0h-07EFh -ABANK16=0820h-086Fh \
  -ABANK17=08A0h-08EFh -ABANK18=0920h-096Fh -ABANK19=09A0h-09EFh \
  -ABANK20=0A20h-0A6Fh -ABANK21=0AA0h-0AEFh -ABANK22=0B20h-0B6Fh \
  -ABANK23=0BA0h-0BEFh -ABANK24=0C20h-0C6Fh -ABANK25=0CA0h-0CBFh \
  -ABIGRAM=02000h-023EFh,02410h-027EFh \
  -ARAM=020h-06Fh,0A0h-0EFh,0120h-016Fh,01A0h-01EFh,0220h-026Fh,02A0h-02EFh,0320h-036Fh,03A0h-03EFh,0420h-046Fh,04A0h-04EFh,0520h-056Fh,05A0h-05EFh,0620h-064Fh,06A0h-06EFh,0720h-076Fh,07A0h-07EFh,0820h-086Fh,08A0h-08EFh,0920h-096Fh,09A0h-09EFh,0A20h-0A6Fh,0AA0h-0AEFh,0B20h-0B6Fh,0BA0h-0BEFh,0C20h-0C6Fh,0CA0h-0CBFh \
  -AABS1=020h-07Fh,0A0h-0EFh,0120h-016Fh,01A0h-01EFh,0220h-026Fh,02A0h-02EFh,0320h-036Fh,03A0h-03EFh,0420h-046Fh,04A0h-04EFh,0520h-056Fh,05A0h-05EFh,0620h-064Fh,06A0h-06EFh,0720h-076Fh,07A0h-07EFh,0820h-086Fh,08A0h-08EFh,0920h-096Fh,09A0h-09EFh,0A20h-0A6Fh,0AA0h-0AEFh,0B20h-0B6Fh,0BA0h-0BEFh,0C20h-0C6Fh,0CA0h-0CBFh \
  -ASFR0=00h-01Fh -ASFR1=080h-09Fh -ASFR2=0100h-011Fh -ASFR3=0180h-019Fh \
  -ASFR4=0200h-021Fh -ASFR5=0280h-029Fh -ASFR6=0300h-031Fh \
  -ASFR7=0380h-039Fh -ASFR8=0400h-041Fh -ASFR9=0480h-049Fh \
  -ASFR10=0500h-051Fh -ASFR11=0580h-059Fh -ASFR12=0600h-061Fh \
  -ASFR13=0680h-069Fh -ASFR14=0700h-071Fh -ASFR15=0780h-079Fh \
  -ASFR16=0800h-081Fh -ASFR17=0880h-089Fh -ASFR18=0900h-091Fh \
  -ASFR19=0980h-099Fh -ASFR20=0A00h-0A1Fh -ASFR21=0A80h-0A9Fh \
  -ASFR22=0B00h-0B1Fh -ASFR23=0B80h-0B9Fh -ASFR24=0C00h-0C1Fh \
  -ASFR25=0C80h-0C9Fh -ASFR26=0D00h-0D6Fh -ASFR27=0D80h-0DEFh \
  -ASFR28=0E00h-0E6Fh -ASFR29=0E80h-0EEFh -ASFR30=0F00h-0F6Fh \
  -ASFR31=0F80h-0FEFh -ACONFIG=08007h-08008h -DCONFIG=2 \
  -AIDLOC=08000h-08003h -DIDLOC=2 -DCODE=2 -DSTRCODE=2 -DSTRING=2 -DCONST=2 \
  -DENTRY=2 -preset_vec=00h,intentry=04h,sivt,init,end_init -ppowerup=CODE \
  -pcinit=CODE -pfunctab=ENTRY -k \
  C:\Users\shimi\AppData\Local\Temp\xcAsd9c.0\driver_tmp_17.o \
  dist/default/production\ps-uv-laser-ctl-unit.X.production.o 

Object code version is 3.11

Machine type is 16F1778



                Name                               Link     Load   Length Selector   Space Scale
C:\Users\shimi\AppData\Local\Temp\xcAsd9c.0\driver_tmp_17.o
                end_init                             31       31        2        8       0
                reset_vec                             0        0        2        0       0
                config                             8007     8007        2        0       4
dist/default/production\ps-uv-laser-ctl-unit.X.production.o
                cinit                                33       33       27        8       0
                intentry                              4        4       2D        8       0
                config                             8007     8007        2        0       4
                text52                                3        3        1        6       0
                text51                              C59      C59        4     18B2       0
                text50                              79E      79E       4D        8       0
                text49                              DEA      DEA       1B     1BD4       0
                text47                              D72      D72       17     1AE4       0
                text46                              D89      D89       17     1B12       0
                text45                              DA0      DA0       17     1B40       0
                text44                              D48      D48       15     1A90       0
                text43                              D5D      D5D       15     1ABA       0
                text42                              7EB      7EB       15        8       0
                text41                              C69      C69        8     18D2       0
                text40                              C71      C71        8     18E2       0
                text39                              C79      C79        8     18F2       0
                text38                              C5D      C5D        6     18BA       0
                text37                              CBB      CBB        C     1976       0
                text36                              CC7      CC7        C     198E       0
                text35                              EF0      EF0       32     1DE0       0
                text34                              C63      C63        6     18C6       0
                text33                              CA5      CA5        B     194A       0
                text32                              74F      74F       4F        8       0
                text31                              C81      C81        9     1902       0
                text30                              C8A      C8A        9     1914       0
                text29                              CB0      CB0        B     1960       0
                text28                              D22      D22       13     1A44       0
                text27                              D35      D35       13     1A6A       0
                text26                              E9F      E9F       25     1D3E       0
                text25                              F8A      F8A       36     1F14       0
                text24                              E5D      E5D       1F     1CBA       0
                text23                              513      513       7E        8       0
                text22                              5EF      5EF       5B        8       0
                text21                              6FE      6FE       51        8       0
                text20                              CFE      CFE       12     19FC       0
                text19                              C93      C93        9     1926       0
                text18                              E7C      E7C       23     1CF8       0
                text17                              CDF      CDF        F     19BE       0
                text16                              591      591       5E        8       0
                text15                              425      425       EE        8       0
                text14                              E21      E21       1E     1C42       0
                text13                              CEE      CEE       10     19DC       0
                text12                              FC0      FC0       40     1F80       0
                text11                              C9C      C9C        9     1938       0
                text10                              DD0      DD0       1A     1BA0       0
                text9                               D10      D10       12     1A20       0
                text8                               E05      E05       1C     1C0A       0
                text7                               6A4      6A4       5A        8       0
                text6                               EC4      EC4       2C     1D88       0
                text5                               DB7      DB7       19     1B6E       0
                text4                               E3F      E3F       1E     1C7E       0
                text3                               F22      F22       34     1E44       0
                text2                               F56      F56       34     1EAC       0
                text1                               64A      64A       5A        8       0
                maintext                             5A       5A      3CB        8       0
                cstackBANK0                          20       20       3B       20       1
                cstackCOMMON                         70       70        A       70       1
                clrtext                             CD3      CD3        C     19A6       0
                bssBANK1                             A0       A0       46       A0       1
                bssBANK0                             5B       5B       14       20       1
                bssCOMMON                            7A       7A        2       70       1
                stringtext21                       10F1     10F1        2     2000       0
                stringtext20                       10ED     10ED        4     2000       0
                stringtext19                       10E9     10E9        4     2000       0
                stringtext18                       10E5     10E5        4     2000       0
                stringtext17                       10E1     10E1        4     2000       0
                stringtext16                       10DD     10DD        4     2000       0
                stringtext15                       10D9     10D9        4     2000       0
                stringtext14                       10D5     10D5        4     2000       0
                stringtext13                       10D1     10D1        4     2000       0
                stringtext12                       10CD     10CD        4     2000       0
                stringtext11                       10C2     10C2        B     2000       0
                stringtext10                       10B7     10B7        B     2000       0
                stringtext9                        10AC     10AC        B     2000       0
                stringtext8                        10A1     10A1        B     2000       0
                stringtext7                        1096     1096        B     2000       0
                stringtext6                        108B     108B        B     2000       0
                stringtext5                        1080     1080        B     2000       0
                stringtext4                        1070     1070       10     2000       0
                stringtext3                        105E     105E       12     2000       0
                stringtext2                        1030     1030       2E     2000       0
                nvBANK1                              E6       E6        8       A0       1
                stringtext1                        1000     1000       30     2000       0

TOTAL           Name                               Link     Load   Length     Space
        CLASS   CODE           
                end_init                             31       31        2         0
                cinit                                33       33       27         0
                intentry                              4        4       2D         0
                reset_vec                             0        0        2         0
                text52                                3        3        1         0
                text51                              C59      C59        4         0
                text50                              79E      79E       4D         0
                text49                              DEA      DEA       1B         0
                text47                              D72      D72       17         0
                text46                              D89      D89       17         0
                text45                              DA0      DA0       17         0
                text44                              D48      D48       15         0
                text43                              D5D      D5D       15         0
                text42                              7EB      7EB       15         0
                text41                              C69      C69        8         0
                text40                              C71      C71        8         0
                text39                              C79      C79        8         0
                text38                              C5D      C5D        6         0
                text37                              CBB      CBB        C         0
                text36                              CC7      CC7        C         0
                text35                              EF0      EF0       32         0
                text34                              C63      C63        6         0
                text33                              CA5      CA5        B         0
                text32                              74F      74F       4F         0
                text31                              C81      C81        9         0
                text30                              C8A      C8A        9         0
                text29                              CB0      CB0        B         0
                text28                              D22      D22       13         0
                text27                              D35      D35       13         0
                text26                              E9F      E9F       25         0
                text25                              F8A      F8A       36         0
                text24                              E5D      E5D       1F         0
                text23                              513      513       7E         0
                text22                              5EF      5EF       5B         0
                text21                              6FE      6FE       51         0
                text20                              CFE      CFE       12         0
                text19                              C93      C93        9         0
                text18                              E7C      E7C       23         0
                text17                              CDF      CDF        F         0
                text16                              591      591       5E         0
                text15                              425      425       EE         0
                text14                              E21      E21       1E         0
                text13                              CEE      CEE       10         0
                text12                              FC0      FC0       40         0
                text11                              C9C      C9C        9         0
                text10                              DD0      DD0       1A         0
                text9                               D10      D10       12         0
                text8                               E05      E05       1C         0
                text7                               6A4      6A4       5A         0
                text6                               EC4      EC4       2C         0
                text5                               DB7      DB7       19         0
                text4                               E3F      E3F       1E         0
                text3                               F22      F22       34         0
                text2                               F56      F56       34         0
                text1                               64A      64A       5A         0
                maintext                             5A       5A      3CB         0
                clrtext                             CD3      CD3        C         0

        CLASS   STRCODE        
                stringtext21                       10F1     10F1        2         0
                stringtext20                       10ED     10ED        4         0
                stringtext19                       10E9     10E9        4         0
                stringtext18                       10E5     10E5        4         0
                stringtext17                       10E1     10E1        4         0
                stringtext16                       10DD     10DD        4         0
                stringtext15                       10D9     10D9        4         0
                stringtext14                       10D5     10D5        4         0
                stringtext13                       10D1     10D1        4         0
                stringtext12                       10CD     10CD        4         0
                stringtext11                       10C2     10C2        B         0
                stringtext10                       10B7     10B7        B         0
                stringtext9                        10AC     10AC        B         0
                stringtext8                        10A1     10A1        B         0
                stringtext7                        1096     1096        B         0
                stringtext6                        108B     108B        B         0
                stringtext5                        1080     1080        B         0
                stringtext4                        1070     1070       10         0
                stringtext3                        105E     105E       12         0
                stringtext2                        1030     1030       2E         0
                stringtext1                        1000     1000       30         0

        CLASS   STRING         

        CLASS   CONST          

        CLASS   ENTRY          

        CLASS   COMMON         
                cstackCOMMON                         70       70        A         1
                bssCOMMON                            7A       7A        2         1

        CLASS   BANK0          
                cstackBANK0                          20       20       3B         1
                bssBANK0                             5B       5B       14         1

        CLASS   BANK1          
                bssBANK1                             A0       A0       46         1
                nvBANK1                              E6       E6        8         1

        CLASS   BANK2          

        CLASS   BANK3          

        CLASS   BANK4          

        CLASS   BANK5          

        CLASS   BANK6          

        CLASS   BANK7          

        CLASS   BANK8          

        CLASS   BANK9          

        CLASS   BANK10         

        CLASS   BANK11         

        CLASS   BANK12         

        CLASS   BANK13         

        CLASS   BANK14         

        CLASS   BANK15         

        CLASS   BANK16         

        CLASS   BANK17         

        CLASS   BANK18         

        CLASS   BANK19         

        CLASS   BANK20         

        CLASS   BANK21         

        CLASS   BANK22         

        CLASS   BANK23         

        CLASS   BANK24         

        CLASS   BANK25         

        CLASS   BIGRAM         

        CLASS   RAM            

        CLASS   ABS1           
                abs_s1                               7E       7E        2         1
                abs_s1                              AD4      AD4       1C         1
                abs_s1                              B20      B20       50         1
                abs_s1                              BA0      BA0       50         1
                abs_s1                              C20      C20       50         1
                abs_s1                              CA0      CA0       20         1
                abs_s1                             26C4     26C4        0         1

        CLASS   SFR0           

        CLASS   SFR1           

        CLASS   SFR2           

        CLASS   SFR3           

        CLASS   SFR4           

        CLASS   SFR5           

        CLASS   SFR6           

        CLASS   SFR7           

        CLASS   SFR8           

        CLASS   SFR9           

        CLASS   SFR10          

        CLASS   SFR11          

        CLASS   SFR12          

        CLASS   SFR13          

        CLASS   SFR14          

        CLASS   SFR15          

        CLASS   SFR16          

        CLASS   SFR17          

        CLASS   SFR18          

        CLASS   SFR19          

        CLASS   SFR20          

        CLASS   SFR21          

        CLASS   SFR22          

        CLASS   SFR23          

        CLASS   SFR24          

        CLASS   SFR25          

        CLASS   SFR26          

        CLASS   SFR27          

        CLASS   SFR28          

        CLASS   SFR29          

        CLASS   SFR30          

        CLASS   SFR31          

        CLASS   CONFIG         
                config                             8007     8007        2         4

        CLASS   IDLOC          

        CLASS   BANK31         

        CLASS   BANK30         

        CLASS   BANK29         

        CLASS   BANK28         

        CLASS   BANK27         

        CLASS   BANK26         

        CLASS   HEAP           

        CLASS   STACK          

        CLASS   EEDATA         



SEGMENTS        Name                           Load    Length   Top    Selector   Space  Class     Delta

                reset_vec                      000000  000002  000002         0       0  CODE        2
                text52                         000003  000001  000004         6       0  CODE        2
                intentry                       000004  0007FC  000800         8       0  CODE        2
                cstackBANK0                    000020  00004F  00006F        20       1  BANK0       1
                cstackCOMMON                   000070  00000C  00007C        70       1  COMMON      1
                bssBANK1                       0000A0  00004E  0000EE        A0       1  BANK1       1
                text51                         000C59  000004  000C5D      18B2       0  CODE        2
                text38                         000C5D  000006  000C63      18BA       0  CODE        2
                text34                         000C63  000006  000C69      18C6       0  CODE        2
                text41                         000C69  000008  000C71      18D2       0  CODE        2
                text40                         000C71  000008  000C79      18E2       0  CODE        2
                text39                         000C79  000008  000C81      18F2       0  CODE        2
                text31                         000C81  000009  000C8A      1902       0  CODE        2
                text30                         000C8A  000009  000C93      1914       0  CODE        2
                text19                         000C93  000009  000C9C      1926       0  CODE        2
                text11                         000C9C  000009  000CA5      1938       0  CODE        2
                text33                         000CA5  00000B  000CB0      194A       0  CODE        2
                text29                         000CB0  00000B  000CBB      1960       0  CODE        2
                text37                         000CBB  00000C  000CC7      1976       0  CODE        2
                text36                         000CC7  00000C  000CD3      198E       0  CODE        2
                clrtext                        000CD3  00000C  000CDF      19A6       0  CODE        2
                text17                         000CDF  00000F  000CEE      19BE       0  CODE        2
                text13                         000CEE  000010  000CFE      19DC       0  CODE        2
                text20                         000CFE  000012  000D10      19FC       0  CODE        2
                text9                          000D10  000012  000D22      1A20       0  CODE        2
                text28                         000D22  000013  000D35      1A44       0  CODE        2
                text27                         000D35  000013  000D48      1A6A       0  CODE        2
                text44                         000D48  000015  000D5D      1A90       0  CODE        2
                text43                         000D5D  000015  000D72      1ABA       0  CODE        2
                text47                         000D72  000017  000D89      1AE4       0  CODE        2
                text46                         000D89  000017  000DA0      1B12       0  CODE        2
                text45                         000DA0  000017  000DB7      1B40       0  CODE        2
                text5                          000DB7  000019  000DD0      1B6E       0  CODE        2
                text10                         000DD0  00001A  000DEA      1BA0       0  CODE        2
                text49                         000DEA  00001B  000E05      1BD4       0  CODE        2
                text8                          000E05  00001C  000E21      1C0A       0  CODE        2
                text14                         000E21  00001E  000E3F      1C42       0  CODE        2
                text4                          000E3F  00001E  000E5D      1C7E       0  CODE        2
                text24                         000E5D  00001F  000E7C      1CBA       0  CODE        2
                text18                         000E7C  000023  000E9F      1CF8       0  CODE        2
                text26                         000E9F  000025  000EC4      1D3E       0  CODE        2
                text6                          000EC4  00002C  000EF0      1D88       0  CODE        2
                text35                         000EF0  000032  000F22      1DE0       0  CODE        2
                text3                          000F22  000034  000F56      1E44       0  CODE        2
                text2                          000F56  000034  000F8A      1EAC       0  CODE        2
                text25                         000F8A  000036  000FC0      1F14       0  CODE        2
                text12                         000FC0  000040  001000      1F80       0  CODE        2
                stringtext1                    001000  0000F3  0010F3      2000       0  STRCODE     2


UNUSED ADDRESS RANGES

        Name                Unused          Largest block    Delta
        BANK0            0006F-0006F               1           1
        BANK1            000EE-000EF               2           1
        BANK10           00520-0056F              50           1
        BANK11           005A0-005EF              50           1
        BANK12           00620-0064F              30           1
        BANK13           006A0-006EF              50           1
        BANK14           00720-0076F              50           1
        BANK15           007A0-007EF              50           1
        BANK16           00820-0086F              50           1
        BANK17           008A0-008EF              50           1
        BANK18           00920-0096F              50           1
        BANK19           009A0-009EF              50           1
        BANK2            00120-0016F              50           1
        BANK20           00A20-00A6F              50           1
        BANK21           00AA0-00AD3              34           1
        BANK3            001A0-001EF              50           1
        BANK4            00220-0026F              50           1
        BANK5            002A0-002EF              50           1
        BANK6            00320-0036F              50           1
        BANK7            003A0-003EF              50           1
        BANK8            00420-0046F              50           1
        BANK9            004A0-004EF              50           1
        BIGRAM           02000-023EF             3F0           1
                         02410-027EF             3E0
        CODE             00002-00002               1           2
                         00800-00C58             459
                         010F3-03FFF             800
        COMMON           0007C-0007D               2           1
        CONST            00002-00002               1           2
                         00800-00C58             100
                         010F3-03FFF             100
        ENTRY            00002-00002               1           2
                         00800-00C58             100
                         010F3-03FFF             100
        IDLOC            08000-08003               4           2
        RAM              0006F-0006F               1           1
                         000EE-000EF               2
                         00120-0016F              50
                         001A0-001EF              50
                         00220-0026F              50
                         002A0-002EF              50
                         00320-0036F              50
                         003A0-003EF              50
                         00420-0046F              50
                         004A0-004EF              50
                         00520-0056F              50
                         005A0-005EF              50
                         00620-0064F              30
                         006A0-006EF              50
                         00720-0076F              50
                         007A0-007EF              50
                         00820-0086F              50
                         008A0-008EF              50
                         00920-0096F              50
                         009A0-009EF              50
                         00A20-00A6F              50
                         00AA0-00AD3              34
        SFR0             00000-0001F              20           1
        SFR1             00080-0009F              20           1
        SFR10            00500-0051F              20           1
        SFR11            00580-0059F              20           1
        SFR12            00600-0061F              20           1
        SFR13            00680-0069F              20           1
        SFR14            00700-0071F              20           1
        SFR15            00780-0079F              20           1
        SFR16            00800-0081F              20           1
        SFR17            00880-0089F              20           1
        SFR18            00900-0091F              20           1
        SFR19            00980-0099F              20           1
        SFR2             00100-0011F              20           1
        SFR20            00A00-00A1F              20           1
        SFR21            00A80-00A9F              20           1
        SFR22            00B00-00B1F              20           1
        SFR23            00B80-00B9F              20           1
        SFR24            00C00-00C1F              20           1
        SFR25            00C80-00C9F              20           1
        SFR26            00D00-00D6F              70           1
        SFR27            00D80-00DEF              70           1
        SFR28            00E00-00E6F              70           1
        SFR29            00E80-00EEF              70           1
        SFR3             00180-0019F              20           1
        SFR30            00F00-00F6F              70           1
        SFR31            00F80-00FEF              70           1
        SFR4             00200-0021F              20           1
        SFR5             00280-0029F              20           1
        SFR6             00300-0031F              20           1
        SFR7             00380-0039F              20           1
        SFR8             00400-0041F              20           1
        SFR9             00480-0049F              20           1
        STRCODE          00002-00002               1           2
                         00800-00C58             459
                         010F3-03FFF            2F0D
        STRING           00002-00002               1           2
                         00800-00C58             100
                         010F3-03FFF             100

                                  Symbol Table

?___awdiv                                           cstackCOMMON 00072
?___awmod                                           cstackCOMMON 00072
?___lmul                                            cstackCOMMON 00072
?___wmul                                            cstackCOMMON 00072
?_abs                                               cstackCOMMON 00078
?_atoi                                              cstackCOMMON 00078
?_getch                                             cstackCOMMON 00074
?_printf                                            cstackBANK0  0003D
?_strchr                                            cstackCOMMON 00072
?_strcmp                                            cstackCOMMON 00072
?_strcspn                                           cstackBANK0  00020
?_strlen                                            cstackCOMMON 00072
?_strspn                                            cstackBANK0  00020
?_strtok                                            cstackBANK0  00028
?_vfprintf                                          cstackBANK0  00035
CCP1_LoadDutyValue@dutyValue                        cstackCOMMON 00074
CCP1_LoadDutyValue@dutycycleValue                   cstackCOMMON 00072
CCP2_LoadDutyValue@dutyValue                        cstackCOMMON 00074
CCP2_LoadDutyValue@dutycycleValue                   cstackCOMMON 00072
CCP7_LoadDutyValue@dutyValue                        cstackCOMMON 00074
CCP7_LoadDutyValue@dutycycleValue                   cstackCOMMON 00072
EUSART_FramingErrorCallbackRegister@callbackHandler cstackCOMMON 00072
EUSART_OverrunErrorCallbackRegister@callbackHandler cstackCOMMON 00072
EUSART_Read@readValue                               cstackCOMMON 00073
EUSART_Read@tempRxTail                              cstackCOMMON 00072
EUSART_ReceiveISR@regValue                          cstackCOMMON 00070
EUSART_ReceiveISR@tempRxHead                        cstackCOMMON 00071
EUSART_TransmitISR@tempTxTail                       cstackCOMMON 00070
EUSART_Write@tempTxHead                             cstackCOMMON 00073
EUSART_Write@txData                                 cstackCOMMON 00072
INT_SetInterruptHandler@InterruptHandler            cstackCOMMON 00072
PWM3_LoadDutyValue@dutyValue                        cstackCOMMON 00072
PWM4_LoadDutyValue@dutyValue                        cstackCOMMON 00072
PWM9_LoadDutyValue@dutyValue                        cstackCOMMON 00072
_ANSELA                                             (abs)        0018C
_ANSELB                                             (abs)        0018D
_ANSELC                                             (abs)        0018E
_BAUD1CON                                           (abs)        0019F
_BAUD1CONbits                                       (abs)        0019F
_BORCON                                             (abs)        0009D
_CCP1CON                                            (abs)        00293
_CCP1CONbits                                        (abs)        00293
_CCP1_Initialize                                    text41       00C69
_CCP1_LoadDutyValue                                 text47       00D72
_CCP2CON                                            (abs)        00297
_CCP2CONbits                                        (abs)        00297
_CCP2_Initialize                                    text40       00C71
_CCP2_LoadDutyValue                                 text46       00D89
_CCP7CON                                            (abs)        0029B
_CCP7CONbits                                        (abs)        0029B
_CCP7_Initialize                                    text39       00C79
_CCP7_LoadDutyValue                                 text45       00DA0
_CCPR1H                                             (abs)        00292
_CCPR1L                                             (abs)        00291
_CCPR2H                                             (abs)        00296
_CCPR2L                                             (abs)        00295
_CCPR7H                                             (abs)        0029A
_CCPR7L                                             (abs)        00299
_CCPTMRS1bits                                       (abs)        0029E
_CCPTMRS2bits                                       (abs)        0029F
_CLOCK_Initialize                                   text38       00C5D
_EUSART_AutoBaudQuery                               (abs)        00000
_EUSART_AutoBaudSet                                 (abs)        00000
_EUSART_DefaultFramingErrorCallback                 text52       00003
_EUSART_DefaultOverrunErrorCallback                 text51       00C59
_EUSART_Deinitialize                                (abs)        00000
_EUSART_ErrorGet                                    (abs)        00000
_EUSART_FramingErrorCallbackRegister                text37       00CBB
_EUSART_FramingErrorHandler                         bssBANK0     0005F
_EUSART_Initialize                                  text35       00EF0
_EUSART_IsRxReady                                   text11       00C9C
_EUSART_IsTxDone                                    (abs)        00000
_EUSART_IsTxReady                                   text19       00C93
_EUSART_OverrunErrorCallbackRegister                text36       00CC7
_EUSART_OverrunErrorHandler                         bssBANK0     0005D
_EUSART_Read                                        text10       00DD0
_EUSART_ReceiveISR                                  text50       0079E
_EUSART_RxCompleteCallbackRegister                  (abs)        00000
_EUSART_RxCompleteInterruptHandler                  bssBANK0     00061
_EUSART_RxInterruptHandler                          nvBANK1      000EA
_EUSART_TransmitDisable                             (abs)        00000
_EUSART_TransmitEnable                              (abs)        00000
_EUSART_TransmitISR                                 text49       00DEA
_EUSART_TxCompleteCallbackRegister                  (abs)        00000
_EUSART_TxCompleteInterruptHandler                  bssBANK0     00063
_EUSART_TxInterruptHandler                          nvBANK1      000EC
_EUSART_Write                                       text18       00E7C
_INLVLA                                             (abs)        0038C
_INLVLB                                             (abs)        0038D
_INLVLC                                             (abs)        0038E
_INLVLE                                             (abs)        00390
_INTCONbits                                         (abs)        0000B
_INTERRUPT_Initialize                               text33       00CA5
_INTERRUPT_InterruptManager                         intentry     00004
_INT_DefaultInterruptHandler                        (abs)        00000
_INT_InterruptHandler                               bssBANK0     00065
_INT_SetInterruptHandler                            text34       00C63
_IOCAF                                              (abs)        00393
_IOCAN                                              (abs)        00392
_IOCAP                                              (abs)        00391
_IOCBF                                              (abs)        00396
_IOCBN                                              (abs)        00395
_IOCBP                                              (abs)        00394
_IOCCF                                              (abs)        00399
_IOCCN                                              (abs)        00398
_IOCCP                                              (abs)        00397
_IOCEF                                              (abs)        0039F
_IOCEN                                              (abs)        0039E
_IOCEP                                              (abs)        0039D
_LATA                                               (abs)        0010C
_LATB                                               (abs)        0010D
_LATBbits                                           (abs)        0010D
_LATC                                               (abs)        0010E
_ODCONA                                             (abs)        0028C
_ODCONB                                             (abs)        0028D
_ODCONC                                             (abs)        0028E
_OPTION_REGbits                                     (abs)        00097
_OSCCON                                             (abs)        0009B
_OSCTUNE                                            (abs)        0009A
_PIE1bits                                           (abs)        00091
_PIE4bits                                           (abs)        00094
_PIN_MANAGER_Initialize                             text32       0074F
_PIR1bits                                           (abs)        00011
_PIR4bits                                           (abs)        00014
_PWM3CON                                            (abs)        00616
_PWM3DCH                                            (abs)        00615
_PWM3DCL                                            (abs)        00614
_PWM3_Initialize                                    text31       00C81
_PWM3_LoadDutyValue                                 text44       00D48
_PWM4CON                                            (abs)        00619
_PWM4DCH                                            (abs)        00618
_PWM4DCL                                            (abs)        00617
_PWM4_Initialize                                    text30       00C8A
_PWM4_LoadDutyValue                                 text43       00D5D
_PWM9CON                                            (abs)        0061C
_PWM9DCH                                            (abs)        0061B
_PWM9DCL                                            (abs)        0061A
_PWM9_Initialize                                    text29       00CB0
_PWM9_LoadDutyValue                                 text42       007EB
_RC0PPS                                             (abs)        00EA0
_RC1PPS                                             (abs)        00EA1
_RC1REG                                             (abs)        00199
_RC1STA                                             (abs)        0019D
_RC1STAbits                                         (abs)        0019D
_RC2PPS                                             (abs)        00EA2
_RC3PPS                                             (abs)        00EA3
_RC4PPS                                             (abs)        00EA4
_RC5PPS                                             (abs)        00EA5
_RC6PPS                                             (abs)        00EA6
_RXPPS                                              (abs)        00E3D
_SLRCONA                                            (abs)        0030C
_SLRCONB                                            (abs)        0030D
_SLRCONC                                            (abs)        0030E
_SP1BRGH                                            (abs)        0019C
_SP1BRGL                                            (abs)        0019B
_SYSTEM_Initialize                                  text26       00E9F
_T2CLKCON                                           (abs)        00497
_T2CON                                              (abs)        00495
_T2CONbits                                          (abs)        00495
_T2HLT                                              (abs)        00496
_T2HLTbits                                          (abs)        00496
_T2PR                                               (abs)        00494
_T2RST                                              (abs)        00498
_T2RSTbits                                          (abs)        00498
_T2TMR                                              (abs)        00493
_T4CLKCON                                           (abs)        00417
_T4CON                                              (abs)        00415
_T4CONbits                                          (abs)        00415
_T4HLT                                              (abs)        00416
_T4HLTbits                                          (abs)        00416
_T4PR                                               (abs)        00414
_T4RST                                              (abs)        00418
_T4RSTbits                                          (abs)        00418
_T4TMR                                              (abs)        00413
_TMR2_DefaultPeriodMatchCallback                    (abs)        00000
_TMR2_Initialize                                    text28       00D22
_TMR2_PeriodMatchCallback                           nvBANK1      000E8
_TMR4_DefaultPeriodMatchCallback                    (abs)        00000
_TMR4_Initialize                                    text27       00D35
_TMR4_PeriodMatchCallback                           nvBANK1      000E6
_TRISA                                              (abs)        0008C
_TRISB                                              (abs)        0008D
_TRISC                                              (abs)        0008E
_TRISE                                              (abs)        00090
_TX1REG                                             (abs)        0019A
_TX1STA                                             (abs)        0019E
_TX1STAbits                                         (abs)        0019E
_WPUA                                               (abs)        0020C
_WPUB                                               (abs)        0020D
_WPUC                                               (abs)        0020E
_WPUE                                               (abs)        00210
__H__absolute__                                     __absolute__ 00000
__Habs1                                             abs1         00000
__Hbank0                                            bank0        00000
__Hbank1                                            bank1        00000
__Hbank10                                           bank10       00000
__Hbank11                                           bank11       00000
__Hbank12                                           bank12       00000
__Hbank13                                           bank13       00000
__Hbank14                                           bank14       00000
__Hbank15                                           bank15       00000
__Hbank16                                           bank16       00000
__Hbank17                                           bank17       00000
__Hbank18                                           bank18       00000
__Hbank19                                           bank19       00000
__Hbank2                                            bank2        00000
__Hbank20                                           bank20       00000
__Hbank21                                           bank21       00000
__Hbank22                                           bank22       00000
__Hbank23                                           bank23       00000
__Hbank24                                           bank24       00000
__Hbank25                                           bank25       00000
__Hbank26                                           bank26       00000
__Hbank27                                           bank27       00000
__Hbank28                                           bank28       00000
__Hbank29                                           bank29       00000
__Hbank3                                            bank3        00000
__Hbank30                                           bank30       00000
__Hbank31                                           bank31       00000
__Hbank4                                            bank4        00000
__Hbank5                                            bank5        00000
__Hbank6                                            bank6        00000
__Hbank7                                            bank7        00000
__Hbank8                                            bank8        00000
__Hbank9                                            bank9        00000
__Hbigram                                           bigram       00000
__HbssBANK0                                         bssBANK0     00000
__HbssBANK1                                         bssBANK1     00000
__HbssCOMMON                                        bssCOMMON    00000
__Hcinit                                            cinit        0005A
__Hclrtext                                          clrtext      00000
__Hcode                                             code         00000
__Hcommon                                           common       00000
__Hconfig                                           config       08009
__HcstackBANK0                                      cstackBANK0  00000
__HcstackCOMMON                                     cstackCOMMON 00000
__Heeprom_data                                      eeprom_data  00000
__Hend_init                                         end_init     00033
__Hfunctab                                          functab      00000
__Hheap                                             heap         00000
__Hinit                                             init         00031
__Hintentry                                         intentry     00031
__Hmaintext                                         maintext     00000
__HnvBANK1                                          nvBANK1      00000
__Hpowerup                                          powerup      00000
__Hram                                              ram          00000
__Hreset_vec                                        reset_vec    00002
__Hsfr0                                             sfr0         00000
__Hsfr1                                             sfr1         00000
__Hsfr10                                            sfr10        00000
__Hsfr11                                            sfr11        00000
__Hsfr12                                            sfr12        00000
__Hsfr13                                            sfr13        00000
__Hsfr14                                            sfr14        00000
__Hsfr15                                            sfr15        00000
__Hsfr16                                            sfr16        00000
__Hsfr17                                            sfr17        00000
__Hsfr18                                            sfr18        00000
__Hsfr19                                            sfr19        00000
__Hsfr2                                             sfr2         00000
__Hsfr20                                            sfr20        00000
__Hsfr21                                            sfr21        00000
__Hsfr22                                            sfr22        00000
__Hsfr23                                            sfr23        00000
__Hsfr24                                            sfr24        00000
__Hsfr25                                            sfr25        00000
__Hsfr26                                            sfr26        00000
__Hsfr27                                            sfr27        00000
__Hsfr28                                            sfr28        00000
__Hsfr29                                            sfr29        00000
__Hsfr3                                             sfr3         00000
__Hsfr30                                            sfr30        00000
__Hsfr31                                            sfr31        00000
__Hsfr4                                             sfr4         00000
__Hsfr5                                             sfr5         00000
__Hsfr6                                             sfr6         00000
__Hsfr7                                             sfr7         00000
__Hsfr8                                             sfr8         00000
__Hsfr9                                             sfr9         00000
__Hsivt                                             sivt         00031
__Hspace_0                                          (abs)        010F3
__Hspace_1                                          (abs)        000EE
__Hspace_2                                          (abs)        00000
__Hspace_3                                          (abs)        00000
__Hspace_4                                          (abs)        10010
__Hstack                                            stack        00000
__Hstrings                                          strings      00000
__Hstringtext1                                      stringtext1  00000
__Hstringtext10                                     stringtext10 00000
__Hstringtext11                                     stringtext11 00000
__Hstringtext12                                     stringtext12 00000
__Hstringtext13                                     stringtext13 00000
__Hstringtext14                                     stringtext14 00000
__Hstringtext15                                     stringtext15 00000
__Hstringtext16                                     stringtext16 00000
__Hstringtext17                                     stringtext17 00000
__Hstringtext18                                     stringtext18 00000
__Hstringtext19                                     stringtext19 00000
__Hstringtext2                                      stringtext2  00000
__Hstringtext20                                     stringtext20 00000
__Hstringtext21                                     stringtext21 00000
__Hstringtext22                                     stringtext22 00000
__Hstringtext3                                      stringtext3  00000
__Hstringtext4                                      stringtext4  00000
__Hstringtext5                                      stringtext5  00000
__Hstringtext6                                      stringtext6  00000
__Hstringtext7                                      stringtext7  00000
__Hstringtext8                                      stringtext8  00000
__Hstringtext9                                      stringtext9  00000
__Htext                                             text         00000
__L__absolute__                                     __absolute__ 00000
__Labs1                                             abs1         00000
__Lbank0                                            bank0        00000
__Lbank1                                            bank1        00000
__Lbank10                                           bank10       00000
__Lbank11                                           bank11       00000
__Lbank12                                           bank12       00000
__Lbank13                                           bank13       00000
__Lbank14                                           bank14       00000
__Lbank15                                           bank15       00000
__Lbank16                                           bank16       00000
__Lbank17                                           bank17       00000
__Lbank18                                           bank18       00000
__Lbank19                                           bank19       00000
__Lbank2                                            bank2        00000
__Lbank20                                           bank20       00000
__Lbank21                                           bank21       00000
__Lbank22                                           bank22       00000
__Lbank23                                           bank23       00000
__Lbank24                                           bank24       00000
__Lbank25                                           bank25       00000
__Lbank26                                           bank26       00000
__Lbank27                                           bank27       00000
__Lbank28                                           bank28       00000
__Lbank29                                           bank29       00000
__Lbank3                                            bank3        00000
__Lbank30                                           bank30       00000
__Lbank31                                           bank31       00000
__Lbank4                                            bank4        00000
__Lbank5                                            bank5        00000
__Lbank6                                            bank6        00000
__Lbank7                                            bank7        00000
__Lbank8                                            bank8        00000
__Lbank9                                            bank9        00000
__Lbigram                                           bigram       00000
__LbssBANK0                                         bssBANK0     00000
__LbssBANK1                                         bssBANK1     00000
__LbssCOMMON                                        bssCOMMON    00000
__Lcinit                                            cinit        00033
__Lclrtext                                          clrtext      00000
__Lcode                                             code         00000
__Lcommon                                           common       00000
__Lconfig                                           config       00000
__LcstackBANK0                                      cstackBANK0  00000
__LcstackCOMMON                                     cstackCOMMON 00000
__Leeprom_data                                      eeprom_data  00000
__Lend_init                                         end_init     00031
__Lfunctab                                          functab      00000
__Lheap                                             heap         00000
__Linit                                             init         00031
__Lintentry                                         intentry     00004
__Lmaintext                                         maintext     00000
__LnvBANK1                                          nvBANK1      00000
__Lpowerup                                          powerup      00000
__Lram                                              ram          00000
__Lreset_vec                                        reset_vec    00000
__Lsfr0                                             sfr0         00000
__Lsfr1                                             sfr1         00000
__Lsfr10                                            sfr10        00000
__Lsfr11                                            sfr11        00000
__Lsfr12                                            sfr12        00000
__Lsfr13                                            sfr13        00000
__Lsfr14                                            sfr14        00000
__Lsfr15                                            sfr15        00000
__Lsfr16                                            sfr16        00000
__Lsfr17                                            sfr17        00000
__Lsfr18                                            sfr18        00000
__Lsfr19                                            sfr19        00000
__Lsfr2                                             sfr2         00000
__Lsfr20                                            sfr20        00000
__Lsfr21                                            sfr21        00000
__Lsfr22                                            sfr22        00000
__Lsfr23                                            sfr23        00000
__Lsfr24                                            sfr24        00000
__Lsfr25                                            sfr25        00000
__Lsfr26                                            sfr26        00000
__Lsfr27                                            sfr27        00000
__Lsfr28                                            sfr28        00000
__Lsfr29                                            sfr29        00000
__Lsfr3                                             sfr3         00000
__Lsfr30                                            sfr30        00000
__Lsfr31                                            sfr31        00000
__Lsfr4                                             sfr4         00000
__Lsfr5                                             sfr5         00000
__Lsfr6                                             sfr6         00000
__Lsfr7                                             sfr7         00000
__Lsfr8                                             sfr8         00000
__Lsfr9                                             sfr9         00000
__Lsivt                                             sivt         00031
__Lspace_0                                          (abs)        00000
__Lspace_1                                          (abs)        00000
__Lspace_2                                          (abs)        00000
__Lspace_3                                          (abs)        00000
__Lspace_4                                          (abs)        00000
__Lstack                                            stack        00000
__Lstrings                                          strings      00000
__Lstringtext1                                      stringtext1  00000
__Lstringtext10                                     stringtext10 00000
__Lstringtext11                                     stringtext11 00000
__Lstringtext12                                     stringtext12 00000
__Lstringtext13                                     stringtext13 00000
__Lstringtext14                                     stringtext14 00000
__Lstringtext15                                     stringtext15 00000
__Lstringtext16                                     stringtext16 00000
__Lstringtext17                                     stringtext17 00000
__Lstringtext18                                     stringtext18 00000
__Lstringtext19                                     stringtext19 00000
__Lstringtext2                                      stringtext2  00000
__Lstringtext20                                     stringtext20 00000
__Lstringtext21                                     stringtext21 00000
__Lstringtext22                                     stringtext22 00000
__Lstringtext3                                      stringtext3  00000
__Lstringtext4                                      stringtext4  00000
__Lstringtext5                                      stringtext5  00000
__Lstringtext6                                      stringtext6  00000
__Lstringtext7                                      stringtext7  00000
__Lstringtext8                                      stringtext8  00000
__Lstringtext9                                      stringtext9  00000
__Ltext                                             text         00000
__S0                                                (abs)        010F3
__S1                                                (abs)        000EE
___awdiv                                            text22       005EF
___awdiv@counter                                    cstackCOMMON 00076
___awdiv@dividend                                   cstackCOMMON 00074
___awdiv@divisor                                    cstackCOMMON 00072
___awdiv@quotient                                   cstackCOMMON 00078
___awdiv@sign                                       cstackCOMMON 00077
___awmod                                            text21       006FE
___awmod@counter                                    cstackCOMMON 00076
___awmod@dividend                                   cstackCOMMON 00074
___awmod@divisor                                    cstackCOMMON 00072
___awmod@sign                                       cstackCOMMON 00077
___heap_hi                                          (abs)        00000
___heap_lo                                          (abs)        00000
___int_sp                                           stack        00000
___int_stack_hi                                     stack        00000
___int_stack_lo                                     stack        00000
___latbits                                          (abs)        00003
___lmul                                             text25       00F8A
___lmul@multiplicand                                cstackCOMMON 00076
___lmul@multiplier                                  cstackCOMMON 00072
___lmul@product                                     cstackBANK0  00020
___sp                                               stack        00000
___stack_hi                                         stack        00000
___stack_lo                                         stack        00000
___stackhi                                          (abs)        00000
___stacklo                                          (abs)        00000
___wmul                                             text24       00E5D
___wmul@multiplicand                                cstackCOMMON 00074
___wmul@multiplier                                  cstackCOMMON 00072
___wmul@product                                     cstackCOMMON 00076
__end_of_CCP1_Initialize                            text41       00C71
__end_of_CCP1_LoadDutyValue                         text47       00D89
__end_of_CCP2_Initialize                            text40       00C79
__end_of_CCP2_LoadDutyValue                         text46       00DA0
__end_of_CCP7_Initialize                            text39       00C81
__end_of_CCP7_LoadDutyValue                         text45       00DB7
__end_of_CLOCK_Initialize                           text38       00C63
__end_of_EUSART_DefaultFramingErrorCallback         text52       00004
__end_of_EUSART_DefaultOverrunErrorCallback         text51       00C5D
__end_of_EUSART_FramingErrorCallbackRegister        text37       00CC7
__end_of_EUSART_Initialize                          text35       00F22
__end_of_EUSART_IsRxReady                           text11       00CA5
__end_of_EUSART_IsTxReady                           text19       00C9C
__end_of_EUSART_OverrunErrorCallbackRegister        text36       00CD3
__end_of_EUSART_Read                                text10       00DEA
__end_of_EUSART_ReceiveISR                          text50       007EB
__end_of_EUSART_TransmitISR                         text49       00E05
__end_of_EUSART_Write                               text18       00E9F
__end_of_INTERRUPT_Initialize                       text33       00CB0
__end_of_INTERRUPT_InterruptManager                 intentry     00031
__end_of_INT_SetInterruptHandler                    text34       00C69
__end_of_PIN_MANAGER_Initialize                     text32       0079E
__end_of_PWM3_Initialize                            text31       00C8A
__end_of_PWM3_LoadDutyValue                         text44       00D5D
__end_of_PWM4_Initialize                            text30       00C93
__end_of_PWM4_LoadDutyValue                         text43       00D72
__end_of_PWM9_Initialize                            text29       00CBB
__end_of_PWM9_LoadDutyValue                         text42       00800
__end_of_SYSTEM_Initialize                          text26       00EC4
__end_of_TMR2_Initialize                            text28       00D35
__end_of_TMR4_Initialize                            text27       00D48
__end_of_UART1                                      stringtext1  01030
__end_of___awdiv                                    text22       0064A
__end_of___awmod                                    text21       0074F
__end_of___lmul                                     text25       00FC0
__end_of___wmul                                     text24       00E7C
__end_of__initialization                            cinit        00056
__end_of_abs                                        text20       00D10
__end_of_atoi                                       text23       00591
__end_of_ctl_unit_init                              text12       01000
__end_of_fputc                                      text16       005EF
__end_of_getch                                      text9        00D22
__end_of_main                                       maintext     00425
__end_of_memset                                     text8        00E21
__end_of_my_gets                                    text7        006FE
__end_of_printf                                     text13       00CFE
__end_of_putch                                      text17       00CEE
__end_of_strchr                                     text4        00E5D
__end_of_strcmp                                     text6        00EF0
__end_of_strcspn                                    text3        00F56
__end_of_strlen                                     text5        00DD0
__end_of_strspn                                     text2        00F8A
__end_of_strtok                                     text1        006A4
__end_of_vfpfcnvrt                                  text15       00513
__end_of_vfprintf                                   text14       00E3F
__initialization                                    cinit        00033
__pbssBANK0                                         bssBANK0     0005B
__pbssBANK1                                         bssBANK1     000A0
__pbssBIGRAM_1                                      (abs)        026C4
__pbssCOMMON                                        bssCOMMON    0007A
__pcstackBANK0                                      cstackBANK0  00020
__pcstackCOMMON                                     cstackCOMMON 00070
__pintentry                                         intentry     00004
__pmaintext                                         maintext     0005A
__pnvBANK1                                          nvBANK1      000E6
__pstringtext1                                      stringtext1  01000
__pstringtext10                                     stringtext10 010B7
__pstringtext11                                     stringtext11 010C2
__pstringtext12                                     stringtext12 010CD
__pstringtext13                                     stringtext13 010D1
__pstringtext14                                     stringtext14 010D5
__pstringtext15                                     stringtext15 010D9
__pstringtext16                                     stringtext16 010DD
__pstringtext17                                     stringtext17 010E1
__pstringtext18                                     stringtext18 010E5
__pstringtext19                                     stringtext19 010E9
__pstringtext2                                      stringtext2  01030
__pstringtext20                                     stringtext20 010ED
__pstringtext21                                     stringtext21 010F1
__pstringtext22                                     stringtext22 00000
__pstringtext3                                      stringtext3  0105E
__pstringtext4                                      stringtext4  01070
__pstringtext5                                      stringtext5  01080
__pstringtext6                                      stringtext6  0108B
__pstringtext7                                      stringtext7  01096
__pstringtext8                                      stringtext8  010A1
__pstringtext9                                      stringtext9  010AC
__ptext1                                            text1        0064A
__ptext10                                           text10       00DD0
__ptext11                                           text11       00C9C
__ptext12                                           text12       00FC0
__ptext13                                           text13       00CEE
__ptext14                                           text14       00E21
__ptext15                                           text15       00425
__ptext16                                           text16       00591
__ptext17                                           text17       00CDF
__ptext18                                           text18       00E7C
__ptext19                                           text19       00C93
__ptext2                                            text2        00F56
__ptext20                                           text20       00CFE
__ptext21                                           text21       006FE
__ptext22                                           text22       005EF
__ptext23                                           text23       00513
__ptext24                                           text24       00E5D
__ptext25                                           text25       00F8A
__ptext26                                           text26       00E9F
__ptext27                                           text27       00D35
__ptext28                                           text28       00D22
__ptext29                                           text29       00CB0
__ptext3                                            text3        00F22
__ptext30                                           text30       00C8A
__ptext31                                           text31       00C81
__ptext32                                           text32       0074F
__ptext33                                           text33       00CA5
__ptext34                                           text34       00C63
__ptext35                                           text35       00EF0
__ptext36                                           text36       00CC7
__ptext37                                           text37       00CBB
__ptext38                                           text38       00C5D
__ptext39                                           text39       00C79
__ptext4                                            text4        00E3F
__ptext40                                           text40       00C71
__ptext41                                           text41       00C69
__ptext42                                           text42       007EB
__ptext43                                           text43       00D5D
__ptext44                                           text44       00D48
__ptext45                                           text45       00DA0
__ptext46                                           text46       00D89
__ptext47                                           text47       00D72
__ptext49                                           text49       00DEA
__ptext5                                            text5        00DB7
__ptext50                                           text50       0079E
__ptext51                                           text51       00C59
__ptext52                                           text52       00003
__ptext6                                            text6        00EC4
__ptext7                                            text7        006A4
__ptext8                                            text8        00E05
__ptext9                                            text9        00D10
_abs                                                text20       00CFE
_atoi                                               text23       00513
_ctl_unit_init                                      text12       00FC0
_dbuf                                               bssBANK1     000A0
_eusartRxBuffer                                     bssBANK1     000D0
_eusartRxCount                                      bssBANK0     0006B
_eusartRxHead                                       bssCOMMON    0007B
_eusartRxLastError                                  bssBANK1     000E4
_eusartRxStatusBuffer                               bssBANK1     000C0
_eusartRxTail                                       bssCOMMON    0007A
_eusartTxBuffer                                     bssBANK1     000D8
_eusartTxBufferRemaining                            bssBANK0     0006C
_eusartTxHead                                       bssBANK0     0006E
_eusartTxTail                                       bssBANK0     0006D
_flags                                              bssBANK0     00067
_fputc                                              text16       00591
_getch                                              text9        00D10
_hall_status                                        bssBANK0     0006A
_ld_on_off                                          bssBANK0     00069
_main                                               maintext     0005A
_memset                                             text8        00E05
_my_gets                                            text7        006A4
_prec                                               bssBANK1     000E2
_printf                                             text13       00CEE
_putch                                              text17       00CDF
_sht_on_off                                         bssBANK0     00068
_strchr                                             text4        00E3F
_strcmp                                             text6        00EC4
_strcspn                                            text3        00F22
_strlen                                             text5        00DB7
_strspn                                             text2        00F56
_strtok                                             text1        0064A
_vfpfcnvrt                                          text15       00425
_vfprintf                                           text14       00E21
_width                                              bssBANK1     000E0
abs@a                                               cstackCOMMON 00078
atoi@n                                              cstackBANK0  00023
atoi@neg                                            cstackBANK0  00022
atoi@s                                              cstackCOMMON 00078
btemp                                               (abs)        0007E
btemp0                                              (abs)        0007E
btemp1                                              (abs)        0007F
clear_ram0                                          clrtext      00CD3
ctl_unit_init@i                                     cstackBANK0  00046
end_of_initialization                               cinit        00056
fputc@c                                             cstackCOMMON 00075
fputc@fp                                            cstackCOMMON 00077
int$flags                                           (abs)        0007E
intlevel0                                           functab      00000
intlevel1                                           functab      00000
intlevel2                                           functab      00000
intlevel3                                           functab      00000
intlevel4                                           functab      00000
intlevel5                                           functab      00000
ltemp0a                                             (abs)        00080
main@cmd                                            cstackBANK0  00050
main@coa_val                                        cstackBANK0  00051
main@ptr                                            cstackBANK0  00059
main@rcmd                                           cstackBANK0  00055
main@ring1_val                                      cstackBANK0  0004C
main@ring2_val                                      cstackBANK0  0004D
main@ring3_val                                      cstackBANK0  0004E
main@ring4_val                                      cstackBANK0  0004F
main@tmp                                            (abs)        026C4
memset@c                                            cstackCOMMON 00074
memset@dest                                         cstackCOMMON 00072
memset@n                                            cstackCOMMON 00076
memset@p                                            cstackCOMMON 00078
my_gets@buffer                                      cstackBANK0  00020
my_gets@c                                           cstackBANK0  00026
my_gets@idx                                         cstackBANK0  00027
my_gets@max_len                                     cstackBANK0  00022
printf@ap                                           cstackBANK0  00043
printf@fmt                                          cstackBANK0  0003D
putch@txData                                        cstackCOMMON 00074
reset_vec                                           reset_vec    00000
start                                               init         00031
start_initialization                                cinit        00033
strchr@c                                            cstackCOMMON 00074
strchr@s                                            cstackCOMMON 00072
strcmp@l                                            cstackCOMMON 00072
strcmp@r                                            cstackCOMMON 00073
strcspn@c                                           cstackBANK0  00022
strcspn@i                                           cstackBANK0  00026
strcspn@s                                           cstackBANK0  00020
strlen@a                                            cstackCOMMON 00074
strlen@s                                            cstackCOMMON 00072
strspn@c                                            cstackBANK0  00022
strspn@i                                            cstackBANK0  00026
strspn@s                                            cstackBANK0  00020
strtok@p                                            bssBANK0     0005B
strtok@s                                            cstackBANK0  00028
strtok@sep                                          cstackBANK0  0002A
ttemp0a                                             (abs)        0007F
vfpfcnvrt@ap                                        cstackBANK0  00028
vfpfcnvrt@c                                         cstackBANK0  00034
vfpfcnvrt@convarg                                   cstackBANK0  00030
vfpfcnvrt@cp                                        cstackBANK0  0002E
vfpfcnvrt@done                                      cstackBANK0  0002D
vfpfcnvrt@fmt                                       cstackBANK0  00027
vfpfcnvrt@fp                                        cstackBANK0  00025
vfprintf@ap                                         cstackBANK0  00039
vfprintf@cfmt                                       cstackBANK0  0003B
vfprintf@fmt                                        cstackBANK0  00037
vfprintf@fp                                         cstackBANK0  00035
wtemp0                                              (abs)        0007E
wtemp0a                                             (abs)        0007F


MODULE INFORMATION

Module		Function		Class		Link	Load	Size
mcc_generated_files/pwm/src/pwm4.c
		_PWM4_Initialize		CODE           	0C8A	0000	9
		_PWM4_LoadDutyValue		CODE           	0D5D	0000	21

mcc_generated_files/pwm/src/pwm4.c estimated size: 30

C:\Program Files\Microchip\xc8\v3.10\pic\sources\c99\common\strcspn.c
		_strcspn       		CODE           	0F22	0000	52

C:\Program Files\Microchip\xc8\v3.10\pic\sources\c99\common\strcspn.c estimated size: 52

C:\Program Files\Microchip\xc8\v3.10\pic\sources\c99\common\awmod.c
		___awmod       		CODE           	06FE	0000	81

C:\Program Files\Microchip\xc8\v3.10\pic\sources\c99\common\awmod.c estimated size: 81

C:\Program Files\Microchip\xc8\v3.10\pic\sources\c99\common\abs.c
		_abs           		CODE           	0CFE	0000	18

C:\Program Files\Microchip\xc8\v3.10\pic\sources\c99\common\abs.c estimated size: 18

C:\Program Files\Microchip\xc8\v3.10\pic\sources\c99\common\Umul32.c
		___lmul        		CODE           	0F8A	0000	54

C:\Program Files\Microchip\xc8\v3.10\pic\sources\c99\common\Umul32.c estimated size: 54

C:\Program Files\Microchip\xc8\v3.10\pic\sources\c99\common\strtok.c
		_strtok        		CODE           	064A	0000	90

C:\Program Files\Microchip\xc8\v3.10\pic\sources\c99\common\strtok.c estimated size: 90

mcc_generated_files/system/src/interrupt.c
		_INT_SetInterruptHandler		CODE           	0C63	0000	6
		_INTERRUPT_Initialize		CODE           	0CA5	0000	11
		_INTERRUPT_InterruptManager		CODE           	0004	0000	45

mcc_generated_files/system/src/interrupt.c estimated size: 62

mcc_generated_files/pwm/src/ccp2.c
		_CCP2_LoadDutyValue		CODE           	0D89	0000	23
		_CCP2_Initialize		CODE           	0C71	0000	8

mcc_generated_files/pwm/src/ccp2.c estimated size: 31

C:\Program Files\Microchip\xc8\v3.10\pic\sources\c99\common\printf.c
		_printf        		CODE           	0CEE	0000	16

C:\Program Files\Microchip\xc8\v3.10\pic\sources\c99\common\printf.c estimated size: 16

mcc_generated_files/pwm/src/pwm9.c
		_PWM9_LoadDutyValue		CODE           	07EB	0000	21
		_PWM9_Initialize		CODE           	0CB0	0000	11

mcc_generated_files/pwm/src/pwm9.c estimated size: 32

C:\Program Files\Microchip\xc8\v3.10\pic\sources\c99\common\awdiv.c
		___awdiv       		CODE           	05EF	0000	91

C:\Program Files\Microchip\xc8\v3.10\pic\sources\c99\common\awdiv.c estimated size: 91

C:\Program Files\Microchip\xc8\v3.10\pic\sources\c99\common\atoi.c
		_atoi          		CODE           	0513	0000	126

C:\Program Files\Microchip\xc8\v3.10\pic\sources\c99\common\atoi.c estimated size: 126

mcc_generated_files/pwm/src/pwm3.c
		_PWM3_Initialize		CODE           	0C81	0000	9
		_PWM3_LoadDutyValue		CODE           	0D48	0000	21

mcc_generated_files/pwm/src/pwm3.c estimated size: 30

mcc_generated_files/system/src/pins.c
		_PIN_MANAGER_Initialize		CODE           	074F	0000	79

mcc_generated_files/system/src/pins.c estimated size: 79

shared
		__initialization		CODE           	0033	0000	35
		_UART1         		STRCODE        	0000	0000	0

shared estimated size: 35

C:\Program Files\Microchip\xc8\v3.10\pic\sources\c99\common\strlen.c
		_strlen        		CODE           	0DB7	0000	25

C:\Program Files\Microchip\xc8\v3.10\pic\sources\c99\common\strlen.c estimated size: 25

C:\Program Files\Microchip\xc8\v3.10\pic\sources\c99\common\strcmp.c
		_strcmp        		CODE           	0EC4	0000	44

C:\Program Files\Microchip\xc8\v3.10\pic\sources\c99\common\strcmp.c estimated size: 44

C:\Program Files\Microchip\xc8\v3.10\pic\sources\c99\common\strchr.c
		_strchr        		CODE           	0E3F	0000	30

C:\Program Files\Microchip\xc8\v3.10\pic\sources\c99\common\strchr.c estimated size: 30

C:\Program Files\Microchip\xc8\v3.10\pic\sources\c99\common\nf_fputc.c
		_fputc         		CODE           	0591	0000	94

C:\Program Files\Microchip\xc8\v3.10\pic\sources\c99\common\nf_fputc.c estimated size: 94

mcc_generated_files/pwm/src/ccp7.c
		_CCP7_Initialize		CODE           	0C79	0000	8
		_CCP7_LoadDutyValue		CODE           	0DA0	0000	23

mcc_generated_files/pwm/src/ccp7.c estimated size: 31

C:\Program Files\Microchip\xc8\v3.10\pic\sources\c99\common\memset.c
		_memset        		CODE           	0E05	0000	28

C:\Program Files\Microchip\xc8\v3.10\pic\sources\c99\common\memset.c estimated size: 28

mcc_generated_files/timer/src/tmr4.c
		_TMR4_Initialize		CODE           	0D35	0000	19

mcc_generated_files/timer/src/tmr4.c estimated size: 19

mcc_generated_files/timer/src/tmr2.c
		_TMR2_Initialize		CODE           	0D22	0000	19

mcc_generated_files/timer/src/tmr2.c estimated size: 19

mcc_generated_files/uart/src/eusart.c
		_EUSART_FramingErrorCallbackRegister		CODE           	0CBB	0000	12
		_EUSART_OverrunErrorCallbackRegister		CODE           	0CC7	0000	12
		_putch         		CODE           	0CDF	0000	15
		_EUSART_Read   		CODE           	0DD0	0000	26
		_EUSART_Write  		CODE           	0E7C	0000	35
		_EUSART_DefaultOverrunErrorCallback		CODE           	0C59	0000	4
		_EUSART_IsRxReady		CODE           	0C9C	0000	9
		_EUSART_IsTxReady		CODE           	0C93	0000	9
		_EUSART_Initialize		CODE           	0EF0	0000	50
		_getch         		CODE           	0D10	0000	18
		_EUSART_TransmitISR		CODE           	0DEA	0000	27
		_EUSART_DefaultFramingErrorCallback		CODE           	0003	0000	1
		_EUSART_ReceiveISR		CODE           	079E	0000	77

mcc_generated_files/uart/src/eusart.c estimated size: 295

mcc_generated_files/system/src/clock.c
		_CLOCK_Initialize		CODE           	0C5D	0000	6

mcc_generated_files/system/src/clock.c estimated size: 6

C:\Program Files\Microchip\xc8\v3.10\pic\sources\c99\common\doprnt.c
		_vfpfcnvrt     		CODE           	0425	0000	238
		_vfprintf      		CODE           	0E21	0000	30

C:\Program Files\Microchip\xc8\v3.10\pic\sources\c99\common\doprnt.c estimated size: 268

mcc_generated_files/pwm/src/ccp1.c
		_CCP1_LoadDutyValue		CODE           	0D72	0000	23
		_CCP1_Initialize		CODE           	0C69	0000	8

mcc_generated_files/pwm/src/ccp1.c estimated size: 31

main.c
		_my_gets       		CODE           	06A4	0000	90
		_main          		CODE           	005A	0000	971
		_ctl_unit_init 		CODE           	0FC0	0000	64

main.c estimated size: 1125

C:\Program Files\Microchip\xc8\v3.10\pic\sources\c99\common\strspn.c
		_strspn        		CODE           	0F56	0000	52

C:\Program Files\Microchip\xc8\v3.10\pic\sources\c99\common\strspn.c estimated size: 52

mcc_generated_files/system/src/system.c
		_SYSTEM_Initialize		CODE           	0E9F	0000	37

mcc_generated_files/system/src/system.c estimated size: 37

C:\Program Files\Microchip\xc8\v3.10\pic\sources\c99\common\Umul16.c
		___wmul        		CODE           	0E5D	0000	31

C:\Program Files\Microchip\xc8\v3.10\pic\sources\c99\common\Umul16.c estimated size: 31

