Microchip MPLAB XC8 Compiler V2.41

Linker command line:

-W-3 \
  --edf=C:\Program Files\Microchip\xc8\v2.41\pic\dat\20230208172133_en.msgs \
  -cn -h+dist/default/production\serial-test.X.production.sym \
  --cmf=dist/default/production\serial-test.X.production.cmf -z -Q16F1705 \
  -oC:\Users\user\AppData\Local\Temp\xcBs4a8.1\driver_tmp_3.o \
  --defsym=__MPLAB_BUILD=1 --fixupoverflow=error \
  -Mdist/default/production/serial-test.X.production.map \
  --md=C:\Users\user\AppData\Local\Temp\xcBs4a8.1\driver_tmp_0.dat -E1 \
  -ver=XC8 Compiler --acfsm=1493 -ACODE=00h-07FFhx4 -ASTRCODE=00h-01FFFh \
  -ASTRING=00h-0FFhx32 -ACONST=00h-0FFhx32 -AENTRY=00h-0FFhx32 \
  -ACOMMON=070h-07Fh -ABANK0=020h-06Fh -ABANK1=0A0h-0EFh \
  -ABANK2=0120h-016Fh -ABANK3=01A0h-01EFh -ABANK4=0220h-026Fh \
  -ABANK5=02A0h-02EFh -ABANK6=0320h-036Fh -ABANK7=03A0h-03EFh \
  -ABANK8=0420h-046Fh -ABANK9=04A0h-04EFh -ABANK10=0520h-056Fh \
  -ABANK11=05A0h-05EFh -ABANK12=0620h-064Fh -ABIGRAM=02000h-023EFh \
  -ARAM=020h-06Fh,0A0h-0EFh,0120h-016Fh,01A0h-01EFh,0220h-026Fh,02A0h-02EFh,0320h-036Fh,03A0h-03EFh,0420h-046Fh,04A0h-04EFh,0520h-056Fh,05A0h-05EFh,0620h-064Fh \
  -AABS1=020h-07Fh,0A0h-0EFh,0120h-016Fh,01A0h-01EFh,0220h-026Fh,02A0h-02EFh,0320h-036Fh,03A0h-03EFh,0420h-046Fh,04A0h-04EFh,0520h-056Fh,05A0h-05EFh,0620h-064Fh \
  -ASFR0=00h-01Fh -ASFR1=080h-09Fh -ASFR2=0100h-011Fh -ASFR3=0180h-019Fh \
  -ASFR4=0200h-021Fh -ASFR5=0280h-029Fh -ASFR6=0300h-031Fh \
  -ASFR7=0380h-039Fh -ASFR8=0400h-041Fh -ASFR9=0480h-049Fh \
  -ASFR10=0500h-051Fh -ASFR11=0580h-059Fh -ASFR12=0600h-061Fh \
  -ASFR13=0680h-06EFh -ASFR14=0700h-076Fh -ASFR15=0780h-07EFh \
  -ASFR16=0800h-086Fh -ASFR17=0880h-08EFh -ASFR18=0900h-096Fh \
  -ASFR19=0980h-09EFh -ASFR20=0A00h-0A6Fh -ASFR21=0A80h-0AEFh \
  -ASFR22=0B00h-0B6Fh -ASFR23=0B80h-0BEFh -ASFR24=0C00h-0C6Fh \
  -ASFR25=0C80h-0CEFh -ASFR26=0D00h-0D6Fh -ASFR27=0D80h-0DEFh \
  -ASFR28=0E00h-0E6Fh -ASFR29=0E80h-0EEFh -ASFR30=0F00h-0F6Fh \
  -ASFR31=0F80h-0FEFh -ACONFIG=08007h-08008h -DCONFIG=2 \
  -AIDLOC=08000h-08003h -DIDLOC=2 -DCODE=2 -DSTRCODE=2 -DSTRING=2 -DCONST=2 \
  -DENTRY=2 -preset_vec=00h,intentry,init,end_init -ppowerup=CODE \
  -pcinit=CODE -pfunctab=ENTRY -k \
  C:\Users\user\AppData\Local\Temp\xcBs4a8.1\driver_tmp_19.o \
  dist/default/production\serial-test.X.production.o 

Object code version is 3.11

Machine type is 16F1705



                Name                               Link     Load   Length Selector   Space Scale
C:\Users\user\AppData\Local\Temp\xcBs4a8.1\driver_tmp_19.o
                end_init                              2        2        2        0       0
                reset_vec                             0        0        2        0       0
                config                             8007     8007        2        0       4
                idloc                              8000     8000        4        0       5
dist/default/production\serial-test.X.production.o
                cinit                               7E7      7E7       19      FCE       0
                config                             8007     8007        2        0       4
                idloc                              8000     8000        4        0       5
                text19                              F2A      F2A       12     1E54       0
                text18                              F5A      F5A       1F     1EB4       0
                text17                                4        4       12        0       0
                text16                              1BB      1BB       7E      376       0
                text15                              F02      F02        8     1E04       0
                text14                              F0A      F0A        A     1E14       0
                text13                              F14      F14        A     1E28       0
                text12                              10A      10A       57      214       0
                text11                              EFC      EFC        6     1DF8       0
                text10                               82       82       3C      104       0
                text9                                16       16       34       2C       0
                text8                               239      239       EC      472       0
                text7                               161      161       5A      2C2       0
                text6                                4A       4A       38       94       0
                text5                               F79      F79       27     1EF2       0
                text4                               F3C      F3C       1E     1E78       0
                text3                               FA0      FA0       30     1F40       0
                text2                               FD0      FD0       30     1FA0       0
                text1                                BE       BE       4C      17C       0
                maintext                            325      325      4C2      64A       0
                cstackBANK0                          49       49       14       20       1
                cstackCOMMON                         70       70        E       70       1
                cstackBANK1                          A0       A0       3E       A0       1
                clrtext                             F1E      F1E        C     1E3C       0
                bssBANK0                             20       20       29       20       1
                stringtext25                       1095     1095        2     2000       0
                stringtext24                       1091     1091        4     2000       0
                stringtext23                       108D     108D        4     2000       0
                stringtext22                       1089     1089        4     2000       0
                stringtext21                       1085     1085        4     2000       0
                stringtext20                       1081     1081        4     2000       0
                stringtext19                       107D     107D        4     2000       0
                stringtext18                       1079     1079        4     2000       0
                stringtext17                       1075     1075        4     2000       0
                stringtext16                       1071     1071        4     2000       0
                stringtext15                       106D     106D        4     2000       0
                stringtext14                       1069     1069        4     2000       0
                stringtext13                       1065     1065        4     2000       0
                stringtext12                       1061     1061        4     2000       0
                stringtext11                       105D     105D        4     2000       0
                stringtext10                       1056     1056        7     2000       0
                stringtext9                        104E     104E        8     2000       0
                stringtext8                        1046     1046        8     2000       0
                stringtext7                        103E     103E        8     2000       0
                stringtext6                        1036     1036        8     2000       0
                stringtext5                        102E     102E        8     2000       0
                stringtext4                        1026     1026        8     2000       0
                stringtext3                        101E     101E        8     2000       0
                stringtext2                        1015     1015        9     2000       0
                stringtext1                        1000     1000       15     2000       0

TOTAL           Name                               Link     Load   Length     Space
        CLASS   CODE           
                end_init                              2        2        2         0
                cinit                               7E7      7E7       19         0
                reset_vec                             0        0        2         0
                text19                              F2A      F2A       12         0
                text18                              F5A      F5A       1F         0
                text17                                4        4       12         0
                text16                              1BB      1BB       7E         0
                text15                              F02      F02        8         0
                text14                              F0A      F0A        A         0
                text13                              F14      F14        A         0
                text12                              10A      10A       57         0
                text11                              EFC      EFC        6         0
                text10                               82       82       3C         0
                text9                                16       16       34         0
                text8                               239      239       EC         0
                text7                               161      161       5A         0
                text6                                4A       4A       38         0
                text5                               F79      F79       27         0
                text4                               F3C      F3C       1E         0
                text3                               FA0      FA0       30         0
                text2                               FD0      FD0       30         0
                text1                                BE       BE       4C         0
                maintext                            325      325      4C2         0
                clrtext                             F1E      F1E        C         0

        CLASS   STRCODE        
                stringtext25                       1095     1095        2         0
                stringtext24                       1091     1091        4         0
                stringtext23                       108D     108D        4         0
                stringtext22                       1089     1089        4         0
                stringtext21                       1085     1085        4         0
                stringtext20                       1081     1081        4         0
                stringtext19                       107D     107D        4         0
                stringtext18                       1079     1079        4         0
                stringtext17                       1075     1075        4         0
                stringtext16                       1071     1071        4         0
                stringtext15                       106D     106D        4         0
                stringtext14                       1069     1069        4         0
                stringtext13                       1065     1065        4         0
                stringtext12                       1061     1061        4         0
                stringtext11                       105D     105D        4         0
                stringtext10                       1056     1056        7         0
                stringtext9                        104E     104E        8         0
                stringtext8                        1046     1046        8         0
                stringtext7                        103E     103E        8         0
                stringtext6                        1036     1036        8         0
                stringtext5                        102E     102E        8         0
                stringtext4                        1026     1026        8         0
                stringtext3                        101E     101E        8         0
                stringtext2                        1015     1015        9         0
                stringtext1                        1000     1000       15         0

        CLASS   STRING         

        CLASS   CONST          

        CLASS   ENTRY          

        CLASS   COMMON         
                cstackCOMMON                         70       70        E         1

        CLASS   BANK0          
                cstackBANK0                          49       49       14         1
                bssBANK0                             20       20       29         1

        CLASS   BANK1          
                cstackBANK1                          A0       A0       3E         1

        CLASS   BANK2          

        CLASS   BANK3          

        CLASS   BANK4          

        CLASS   BANK5          

        CLASS   BANK6          

        CLASS   BANK7          

        CLASS   BANK8          

        CLASS   BANK9          

        CLASS   BANK10         

        CLASS   BANK11         

        CLASS   BANK12         

        CLASS   BIGRAM         

        CLASS   RAM            

        CLASS   ABS1           
                abs_s1                               7E       7E        2         1
                abs_s1                              150      150       20         1
                abs_s1                              1A0      1A0       50         1
                abs_s1                              220      220       50         1
                abs_s1                              2A0      2A0       50         1
                abs_s1                              320      320       50         1
                abs_s1                              3A0      3A0       50         1
                abs_s1                              420      420       50         1
                abs_s1                              4A0      4A0       50         1
                abs_s1                              520      520       50         1
                abs_s1                              5A0      5A0       50         1
                abs_s1                              620      620       30         1
                abs_s1                             20D0     20D0        0         1

        CLASS   SFR0           

        CLASS   SFR1           

        CLASS   SFR2           

        CLASS   SFR3           

        CLASS   SFR4           

        CLASS   SFR5           

        CLASS   SFR6           

        CLASS   SFR7           

        CLASS   SFR8           

        CLASS   SFR9           

        CLASS   SFR10          

        CLASS   SFR11          

        CLASS   SFR12          

        CLASS   SFR13          

        CLASS   SFR14          

        CLASS   SFR15          

        CLASS   SFR16          

        CLASS   SFR17          

        CLASS   SFR18          

        CLASS   SFR19          

        CLASS   SFR20          

        CLASS   SFR21          

        CLASS   SFR22          

        CLASS   SFR23          

        CLASS   SFR24          

        CLASS   SFR25          

        CLASS   SFR26          

        CLASS   SFR27          

        CLASS   SFR28          

        CLASS   SFR29          

        CLASS   SFR30          

        CLASS   SFR31          

        CLASS   CONFIG         
                config                             8007     8007        2         4

        CLASS   IDLOC          
                idloc                              8000     8000        4         5

        CLASS   BANK31         

        CLASS   BANK30         

        CLASS   BANK29         

        CLASS   BANK28         

        CLASS   BANK27         

        CLASS   BANK26         

        CLASS   BANK25         

        CLASS   BANK24         

        CLASS   BANK23         

        CLASS   BANK22         

        CLASS   BANK21         

        CLASS   BANK20         

        CLASS   BANK19         

        CLASS   BANK18         

        CLASS   BANK17         

        CLASS   BANK16         

        CLASS   BANK15         

        CLASS   BANK14         

        CLASS   BANK13         

        CLASS   HEAP           

        CLASS   STACK          

        CLASS   EEDATA         



SEGMENTS        Name                           Load    Length   Top    Selector   Space  Class     Delta

                reset_vec                      000000  000016  000016         0       0  CODE        2
                bssBANK0                       000020  00003D  00005D        20       1  BANK0       1
                text9                          000016  000034  00004A        2C       0  CODE        2
                cstackCOMMON                   000070  00000E  00007E        70       1  COMMON      1
                text6                          00004A  000038  000082        94       0  CODE        2
                cstackBANK1                    0000A0  00003E  0000DE        A0       1  BANK1       1
                text10                         000082  00003C  0000BE       104       0  CODE        2
                text1                          0000BE  00004C  00010A       17C       0  CODE        2
                text12                         00010A  000057  000161       214       0  CODE        2
                text7                          000161  00005A  0001BB       2C2       0  CODE        2
                text16                         0001BB  00007E  000239       376       0  CODE        2
                text8                          000239  0000EC  000325       472       0  CODE        2
                maintext                       000325  0004C2  0007E7       64A       0  CODE        2
                cinit                          0007E7  000019  000800       FCE       0  CODE        2
                text11                         000EFC  000006  000F02      1DF8       0  CODE        2
                text15                         000F02  000008  000F0A      1E04       0  CODE        2
                text14                         000F0A  00000A  000F14      1E14       0  CODE        2
                text13                         000F14  00000A  000F1E      1E28       0  CODE        2
                clrtext                        000F1E  00000C  000F2A      1E3C       0  CODE        2
                text19                         000F2A  000012  000F3C      1E54       0  CODE        2
                text4                          000F3C  00001E  000F5A      1E78       0  CODE        2
                text18                         000F5A  00001F  000F79      1EB4       0  CODE        2
                text5                          000F79  000027  000FA0      1EF2       0  CODE        2
                text3                          000FA0  000030  000FD0      1F40       0  CODE        2
                text2                          000FD0  000030  001000      1FA0       0  CODE        2
                stringtext1                    001000  000097  001097      2000       0  STRCODE     2


UNUSED ADDRESS RANGES

        Name                Unused          Largest block    Delta
        BANK0            0005D-0006F              13           1
        BANK1            000DE-000EF              12           1
        BANK2            00120-0014F              30           1
        BIGRAM           02000-023EF             3F0           1
        CODE             00800-00EFB             6FC           2
                         01097-01FFF             769
        CONST            00800-00EFB             100           2
                         01097-01FFF             100
        ENTRY            00800-00EFB             100           2
                         01097-01FFF             100
        RAM              0005D-0006F              13           1
                         000DE-000EF              12
                         00120-0014F              30
        SFR0             00000-0001F              20           1
        SFR1             00080-0009F              20           1
        SFR10            00500-0051F              20           1
        SFR11            00580-0059F              20           1
        SFR12            00600-0061F              20           1
        SFR13            00680-006EF              70           1
        SFR14            00700-0076F              70           1
        SFR15            00780-007EF              70           1
        SFR16            00800-0086F              70           1
        SFR17            00880-008EF              70           1
        SFR18            00900-0096F              70           1
        SFR19            00980-009EF              70           1
        SFR2             00100-0011F              20           1
        SFR20            00A00-00A6F              70           1
        SFR21            00A80-00AEF              70           1
        SFR22            00B00-00B6F              70           1
        SFR23            00B80-00BEF              70           1
        SFR24            00C00-00C6F              70           1
        SFR25            00C80-00CEF              70           1
        SFR26            00D00-00D6F              70           1
        SFR27            00D80-00DEF              70           1
        SFR28            00E00-00E6F              70           1
        SFR29            00E80-00EEF              70           1
        SFR3             00180-0019F              20           1
        SFR30            00F00-00F6F              70           1
        SFR31            00F80-00FEF              70           1
        SFR4             00200-0021F              20           1
        SFR5             00280-0029F              20           1
        SFR6             00300-0031F              20           1
        SFR7             00380-0039F              20           1
        SFR8             00400-0041F              20           1
        SFR9             00480-0049F              20           1
        STRCODE          00800-00EFB             6FC           2
                         01097-01FFF             F69
        STRING           00800-00EFB             100           2
                         01097-01FFF             100

                                  Symbol Table

?___lldiv                cstackCOMMON 00070
?___lwdiv                cstackCOMMON 00070
?___lwmod                cstackCOMMON 00078
?___wmul                 cstackCOMMON 00070
?_atoi                   cstackCOMMON 00076
?_printf                 cstackBANK0  00049
?_strchr                 cstackCOMMON 00070
?_strcmp                 cstackCOMMON 00070
?_strcspn                cstackCOMMON 00077
?_strspn                 cstackCOMMON 00077
_ANSELA                  (abs)        0018C
_ANSELC                  (abs)        0018E
_BRG16                   (abs)        00CFB
_DAC1CON0                (abs)        00118
_DAC1CON1                (abs)        00119
_OSCCON                  (abs)        00099
_PICinit                 text19       00F2A
_PORTA                   (abs)        0000C
_PORTC                   (abs)        0000E
_RA0PPS                  (abs)        00E90
_RC1STA                  (abs)        0019D
_RCIF                    (abs)        0008D
_RCREG                   (abs)        00199
_RCSTA                   (abs)        0019D
_RXPPS                   (abs)        00E24
_SP1BRGH                 (abs)        0019C
_SP1BRGL                 (abs)        0019B
_SPBRG                   (abs)        0019B
_TRISA                   (abs)        0008C
_TRISC                   (abs)        0008E
_TX1STA                  (abs)        0019E
_TXIF                    (abs)        0008C
_TXREG                   (abs)        0019A
_TXSTA                   (abs)        0019E
__H__absolute__          __absolute__ 00000
__Habs1                  abs1         00000
__Hbank0                 bank0        00000
__Hbank1                 bank1        00000
__Hbank10                bank10       00000
__Hbank11                bank11       00000
__Hbank12                bank12       00000
__Hbank13                bank13       00000
__Hbank14                bank14       00000
__Hbank15                bank15       00000
__Hbank16                bank16       00000
__Hbank17                bank17       00000
__Hbank18                bank18       00000
__Hbank19                bank19       00000
__Hbank2                 bank2        00000
__Hbank20                bank20       00000
__Hbank21                bank21       00000
__Hbank22                bank22       00000
__Hbank23                bank23       00000
__Hbank24                bank24       00000
__Hbank25                bank25       00000
__Hbank26                bank26       00000
__Hbank27                bank27       00000
__Hbank28                bank28       00000
__Hbank29                bank29       00000
__Hbank3                 bank3        00000
__Hbank30                bank30       00000
__Hbank31                bank31       00000
__Hbank4                 bank4        00000
__Hbank5                 bank5        00000
__Hbank6                 bank6        00000
__Hbank7                 bank7        00000
__Hbank8                 bank8        00000
__Hbank9                 bank9        00000
__Hbigram                bigram       00000
__HbssBANK0              bssBANK0     00000
__Hcinit                 cinit        00800
__Hclrtext               clrtext      00000
__Hcode                  code         00000
__Hcommon                common       00000
__Hconfig                config       08009
__HcstackBANK0           cstackBANK0  00000
__HcstackBANK1           cstackBANK1  00000
__HcstackCOMMON          cstackCOMMON 00000
__Heeprom_data           eeprom_data  00000
__Hend_init              end_init     00004
__Hfunctab               functab      00000
__Hheap                  heap         00000
__Hidloc                 idloc        08004
__Hinit                  init         00002
__Hintentry              intentry     00002
__Hmaintext              maintext     00000
__Hpowerup               powerup      00000
__Hram                   ram          00000
__Hreset_vec             reset_vec    00002
__Hsfr0                  sfr0         00000
__Hsfr1                  sfr1         00000
__Hsfr10                 sfr10        00000
__Hsfr11                 sfr11        00000
__Hsfr12                 sfr12        00000
__Hsfr13                 sfr13        00000
__Hsfr14                 sfr14        00000
__Hsfr15                 sfr15        00000
__Hsfr16                 sfr16        00000
__Hsfr17                 sfr17        00000
__Hsfr18                 sfr18        00000
__Hsfr19                 sfr19        00000
__Hsfr2                  sfr2         00000
__Hsfr20                 sfr20        00000
__Hsfr21                 sfr21        00000
__Hsfr22                 sfr22        00000
__Hsfr23                 sfr23        00000
__Hsfr24                 sfr24        00000
__Hsfr25                 sfr25        00000
__Hsfr26                 sfr26        00000
__Hsfr27                 sfr27        00000
__Hsfr28                 sfr28        00000
__Hsfr29                 sfr29        00000
__Hsfr3                  sfr3         00000
__Hsfr30                 sfr30        00000
__Hsfr31                 sfr31        00000
__Hsfr4                  sfr4         00000
__Hsfr5                  sfr5         00000
__Hsfr6                  sfr6         00000
__Hsfr7                  sfr7         00000
__Hsfr8                  sfr8         00000
__Hsfr9                  sfr9         00000
__Hspace_0               (abs)        01097
__Hspace_1               (abs)        000DE
__Hspace_2               (abs)        00000
__Hspace_3               (abs)        00000
__Hspace_4               (abs)        10010
__Hstack                 stack        00000
__Hstrings               strings      00000
__Hstringtext1           stringtext1  00000
__Hstringtext10          stringtext10 00000
__Hstringtext11          stringtext11 00000
__Hstringtext12          stringtext12 00000
__Hstringtext13          stringtext13 00000
__Hstringtext14          stringtext14 00000
__Hstringtext15          stringtext15 00000
__Hstringtext16          stringtext16 00000
__Hstringtext17          stringtext17 00000
__Hstringtext18          stringtext18 00000
__Hstringtext19          stringtext19 00000
__Hstringtext2           stringtext2  00000
__Hstringtext20          stringtext20 00000
__Hstringtext21          stringtext21 00000
__Hstringtext22          stringtext22 00000
__Hstringtext23          stringtext23 00000
__Hstringtext24          stringtext24 00000
__Hstringtext25          stringtext25 00000
__Hstringtext26          stringtext26 00000
__Hstringtext3           stringtext3  00000
__Hstringtext4           stringtext4  00000
__Hstringtext5           stringtext5  00000
__Hstringtext6           stringtext6  00000
__Hstringtext7           stringtext7  00000
__Hstringtext8           stringtext8  00000
__Hstringtext9           stringtext9  00000
__Htext                  text         00000
__L__absolute__          __absolute__ 00000
__Labs1                  abs1         00000
__Lbank0                 bank0        00000
__Lbank1                 bank1        00000
__Lbank10                bank10       00000
__Lbank11                bank11       00000
__Lbank12                bank12       00000
__Lbank13                bank13       00000
__Lbank14                bank14       00000
__Lbank15                bank15       00000
__Lbank16                bank16       00000
__Lbank17                bank17       00000
__Lbank18                bank18       00000
__Lbank19                bank19       00000
__Lbank2                 bank2        00000
__Lbank20                bank20       00000
__Lbank21                bank21       00000
__Lbank22                bank22       00000
__Lbank23                bank23       00000
__Lbank24                bank24       00000
__Lbank25                bank25       00000
__Lbank26                bank26       00000
__Lbank27                bank27       00000
__Lbank28                bank28       00000
__Lbank29                bank29       00000
__Lbank3                 bank3        00000
__Lbank30                bank30       00000
__Lbank31                bank31       00000
__Lbank4                 bank4        00000
__Lbank5                 bank5        00000
__Lbank6                 bank6        00000
__Lbank7                 bank7        00000
__Lbank8                 bank8        00000
__Lbank9                 bank9        00000
__Lbigram                bigram       00000
__LbssBANK0              bssBANK0     00000
__Lcinit                 cinit        007E7
__Lclrtext               clrtext      00000
__Lcode                  code         00000
__Lcommon                common       00000
__Lconfig                config       00000
__LcstackBANK0           cstackBANK0  00000
__LcstackBANK1           cstackBANK1  00000
__LcstackCOMMON          cstackCOMMON 00000
__Leeprom_data           eeprom_data  00000
__Lend_init              end_init     00002
__Lfunctab               functab      00000
__Lheap                  heap         00000
__Lidloc                 idloc        00000
__Linit                  init         00002
__Lintentry              intentry     00002
__Lmaintext              maintext     00000
__Lpowerup               powerup      00000
__Lram                   ram          00000
__Lreset_vec             reset_vec    00000
__Lsfr0                  sfr0         00000
__Lsfr1                  sfr1         00000
__Lsfr10                 sfr10        00000
__Lsfr11                 sfr11        00000
__Lsfr12                 sfr12        00000
__Lsfr13                 sfr13        00000
__Lsfr14                 sfr14        00000
__Lsfr15                 sfr15        00000
__Lsfr16                 sfr16        00000
__Lsfr17                 sfr17        00000
__Lsfr18                 sfr18        00000
__Lsfr19                 sfr19        00000
__Lsfr2                  sfr2         00000
__Lsfr20                 sfr20        00000
__Lsfr21                 sfr21        00000
__Lsfr22                 sfr22        00000
__Lsfr23                 sfr23        00000
__Lsfr24                 sfr24        00000
__Lsfr25                 sfr25        00000
__Lsfr26                 sfr26        00000
__Lsfr27                 sfr27        00000
__Lsfr28                 sfr28        00000
__Lsfr29                 sfr29        00000
__Lsfr3                  sfr3         00000
__Lsfr30                 sfr30        00000
__Lsfr31                 sfr31        00000
__Lsfr4                  sfr4         00000
__Lsfr5                  sfr5         00000
__Lsfr6                  sfr6         00000
__Lsfr7                  sfr7         00000
__Lsfr8                  sfr8         00000
__Lsfr9                  sfr9         00000
__Lspace_0               (abs)        00000
__Lspace_1               (abs)        00000
__Lspace_2               (abs)        00000
__Lspace_3               (abs)        00000
__Lspace_4               (abs)        00000
__Lstack                 stack        00000
__Lstrings               strings      00000
__Lstringtext1           stringtext1  00000
__Lstringtext10          stringtext10 00000
__Lstringtext11          stringtext11 00000
__Lstringtext12          stringtext12 00000
__Lstringtext13          stringtext13 00000
__Lstringtext14          stringtext14 00000
__Lstringtext15          stringtext15 00000
__Lstringtext16          stringtext16 00000
__Lstringtext17          stringtext17 00000
__Lstringtext18          stringtext18 00000
__Lstringtext19          stringtext19 00000
__Lstringtext2           stringtext2  00000
__Lstringtext20          stringtext20 00000
__Lstringtext21          stringtext21 00000
__Lstringtext22          stringtext22 00000
__Lstringtext23          stringtext23 00000
__Lstringtext24          stringtext24 00000
__Lstringtext25          stringtext25 00000
__Lstringtext26          stringtext26 00000
__Lstringtext3           stringtext3  00000
__Lstringtext4           stringtext4  00000
__Lstringtext5           stringtext5  00000
__Lstringtext6           stringtext6  00000
__Lstringtext7           stringtext7  00000
__Lstringtext8           stringtext8  00000
__Lstringtext9           stringtext9  00000
__Ltext                  text         00000
__S0                     (abs)        01097
__S1                     (abs)        000DE
___heap_hi               (abs)        00000
___heap_lo               (abs)        00000
___int_sp                stack        00000
___latbits               (abs)        00002
___lldiv                 text7        00161
___lldiv@counter         cstackCOMMON 0007D
___lldiv@dividend        cstackCOMMON 00074
___lldiv@divisor         cstackCOMMON 00070
___lldiv@quotient        cstackCOMMON 00079
___lwdiv                 text10       00082
___lwdiv@counter         cstackCOMMON 00077
___lwdiv@dividend        cstackCOMMON 00072
___lwdiv@divisor         cstackCOMMON 00070
___lwdiv@quotient        cstackCOMMON 00075
___lwmod                 text9        00016
___lwmod@counter         cstackCOMMON 0007D
___lwmod@dividend        cstackCOMMON 0007A
___lwmod@divisor         cstackCOMMON 00078
___sp                    stack        00000
___stackhi               (abs)        00000
___stacklo               (abs)        00000
___wmul                  text18       00F5A
___wmul@multiplicand     cstackCOMMON 00072
___wmul@multiplier       cstackCOMMON 00070
___wmul@product          cstackCOMMON 00074
__end_of_PICinit         text19       00F3C
__end_of___lldiv         text7        001BB
__end_of___lwdiv         text10       000BE
__end_of___lwmod         text9        0004A
__end_of___wmul          text18       00F79
__end_of__initialization cinit        007FD
__end_of_atoi            text16       00239
__end_of_cgets           text12       00161
__end_of_dpowers         stringtext1  0100A
__end_of_getch           text15       00F0A
__end_of_getche          text13       00F1E
__end_of_gets            text11       00F02
__end_of_isdigit         text17       00016
__end_of_main            maintext     007E7
__end_of_printf          text8        00325
__end_of_putch           text14       00F14
__end_of_serial_init     text6        00082
__end_of_strchr          text4        00F5A
__end_of_strcmp          text5        00FA0
__end_of_strcspn         text3        00FD0
__end_of_strspn          text2        01000
__end_of_strtok          text1        0010A
__initialization         cinit        007E7
__pbssBANK0              bssBANK0     00020
__pbssBIGRAM             (abs)        020D0
__pcstackBANK0           cstackBANK0  00049
__pcstackBANK1           cstackBANK1  000A0
__pcstackCOMMON          cstackCOMMON 00070
__pmaintext              maintext     00325
__pstringtext1           stringtext1  01000
__pstringtext10          stringtext10 01056
__pstringtext11          stringtext11 0105D
__pstringtext12          stringtext12 01061
__pstringtext13          stringtext13 01065
__pstringtext14          stringtext14 01069
__pstringtext15          stringtext15 0106D
__pstringtext16          stringtext16 01071
__pstringtext17          stringtext17 01075
__pstringtext18          stringtext18 01079
__pstringtext19          stringtext19 0107D
__pstringtext2           stringtext2  01015
__pstringtext20          stringtext20 01081
__pstringtext21          stringtext21 01085
__pstringtext22          stringtext22 01089
__pstringtext23          stringtext23 0108D
__pstringtext24          stringtext24 01091
__pstringtext25          stringtext25 01095
__pstringtext26          stringtext26 00000
__pstringtext3           stringtext3  0101E
__pstringtext4           stringtext4  01026
__pstringtext5           stringtext5  0102E
__pstringtext6           stringtext6  01036
__pstringtext7           stringtext7  0103E
__pstringtext8           stringtext8  01046
__pstringtext9           stringtext9  0104E
__ptext1                 text1        000BE
__ptext10                text10       00082
__ptext11                text11       00EFC
__ptext12                text12       0010A
__ptext13                text13       00F14
__ptext14                text14       00F0A
__ptext15                text15       00F02
__ptext16                text16       001BB
__ptext17                text17       00004
__ptext18                text18       00F5A
__ptext19                text19       00F2A
__ptext2                 text2        00FD0
__ptext3                 text3        00FA0
__ptext4                 text4        00F3C
__ptext5                 text5        00F79
__ptext6                 text6        0004A
__ptext7                 text7        00161
__ptext8                 text8        00239
__ptext9                 text9        00016
_ap1_dat                 (abs)        020D0
_ap2_dat                 bssBANK0     00020
_atoi                    text16       001BB
_cgets                   text12       0010A
_dpowers                 stringtext1  01000
_getch                   text15       00F02
_getche                  text13       00F14
_gets                    text11       00EFC
_isdigit                 text17       00004
_isdigit$543             cstackCOMMON 00070
_main                    maintext     00325
_printf                  text8        00239
_putch                   text14       00F0A
_serial_init             text6        0004A
_strchr                  text4        00F3C
_strcmp                  text5        00F79
_strcspn                 text3        00FA0
_strspn                  text2        00FD0
_strtok                  text1        000BE
atoi@a                   cstackBANK0  0004A
atoi@s                   cstackBANK0  0004C
atoi@sign                cstackBANK0  00049
btemp                    (abs)        0007E
cgets@c                  cstackCOMMON 00076
cgets@s                  cstackCOMMON 00078
cgets@s1                 cstackCOMMON 00079
clear_ram0               clrtext      00F1E
end_of_initialization    cinit        007FD
getche@c                 cstackCOMMON 00071
gets@s                   cstackCOMMON 0007A
intlevel0                functab      00000
intlevel1                functab      00000
intlevel2                functab      00000
intlevel3                functab      00000
intlevel4                functab      00000
intlevel5                functab      00000
isdigit@c                cstackCOMMON 00071
main@cmd                 cstackBANK1  000D8
main@fp1_amp             cstackBANK1  000B0
main@fp1_time            cstackBANK1  000AE
main@fp2_amp             cstackBANK1  000B4
main@fp2_time            cstackBANK1  000B2
main@fp3_amp             cstackBANK1  000B8
main@fp3_time            cstackBANK1  000B6
main@fp4_amp             cstackBANK1  000BC
main@fp4_time            cstackBANK1  000BA
main@i                   cstackBANK1  000C6
main@i_126               cstackBANK1  000D6
main@i_131               cstackBANK1  000C8
main@i_132               cstackBANK1  000CA
main@i_151               cstackBANK1  000CE
main@i_153               cstackBANK1  000D0
main@i_155               cstackBANK1  000BE
main@i_157               cstackBANK1  000C0
main@i_159               cstackBANK1  000C2
main@i_161               cstackBANK1  000C4
main@k                   cstackBANK1  000CC
main@num_ap1             cstackBANK1  000D2
main@num_ap2             cstackBANK1  000D4
main@ptr                 cstackBANK1  000DD
main@rcmd                cstackBANK1  000D9
main@tmp                 cstackBANK1  000A0
printf@ap                cstackBANK0  00053
printf@c                 cstackBANK0  00058
printf@cp                cstackBANK0  00054
printf@f                 cstackBANK0  00049
printf@flag              cstackBANK0  00051
printf@prec              cstackBANK0  00052
printf@val               cstackBANK0  00056
putch@byte               cstackCOMMON 00070
reset_vec                reset_vec    00000
serial_init@BR           cstackBANK0  00049
serial_init@X            cstackBANK0  00051
start                    init         00002
start_initialization     cinit        007E7
strchr@chr               cstackCOMMON 00072
strchr@ptr               cstackCOMMON 00070
strcmp@r                 cstackCOMMON 00073
strcmp@s1                cstackCOMMON 00074
strcmp@s2                cstackCOMMON 00070
strcspn@i                cstackCOMMON 0007B
strcspn@s1               cstackCOMMON 0007D
strcspn@s2               cstackCOMMON 00077
strspn@i                 cstackCOMMON 0007B
strspn@s1                cstackCOMMON 0007D
strspn@s2                cstackCOMMON 00077
strtok@s1                cstackBANK0  0004D
strtok@s2                cstackBANK0  00049
strtok@sp                bssBANK0     00048
wtemp0                   (abs)        0007E


MODULE INFORMATION

Module		Function		Class		Link	Load	Size
C:\Program Files\Microchip\xc8\v2.41\pic\sources\c90\common\cgets.c
		_cgets         		CODE           	010A	0000	87

C:\Program Files\Microchip\xc8\v2.41\pic\sources\c90\common\cgets.c estimated size: 87

uart.c
		_putch         		CODE           	0F0A	0000	10
		_getche        		CODE           	0F14	0000	10
		_getch         		CODE           	0F02	0000	8

uart.c estimated size: 28

C:\Program Files\Microchip\xc8\v2.41\pic\sources\c90\common\Umul16.c
		___wmul        		CODE           	0F5A	0000	31

C:\Program Files\Microchip\xc8\v2.41\pic\sources\c90\common\Umul16.c estimated size: 31

C:\Program Files\Microchip\xc8\v2.41\pic\sources\c90\common\lwdiv.c
		___lwdiv       		CODE           	0082	0000	60

C:\Program Files\Microchip\xc8\v2.41\pic\sources\c90\common\lwdiv.c estimated size: 60

C:\Program Files\Microchip\xc8\v2.41\pic\sources\c90\common\__lldiv.c
		___lldiv       		CODE           	0161	0000	90

C:\Program Files\Microchip\xc8\v2.41\pic\sources\c90\common\__lldiv.c estimated size: 90

C:\Program Files\Microchip\xc8\v2.41\pic\sources\c90\common\strtok.c
		_strtok        		CODE           	00BE	0000	76

C:\Program Files\Microchip\xc8\v2.41\pic\sources\c90\common\strtok.c estimated size: 76

C:\Program Files\Microchip\xc8\v2.41\pic\sources\c90\common\isdigit.c
		_isdigit       		CODE           	0004	0000	18

C:\Program Files\Microchip\xc8\v2.41\pic\sources\c90\common\isdigit.c estimated size: 18

C:\Program Files\Microchip\xc8\v2.41\pic\sources\c90\common\atoi.c
		_atoi          		CODE           	01BB	0000	126

C:\Program Files\Microchip\xc8\v2.41\pic\sources\c90\common\atoi.c estimated size: 126

C:\Program Files\Microchip\xc8\v2.41\pic\sources\c90\common\strcspn.c
		_strcspn       		CODE           	0FA0	0000	48

C:\Program Files\Microchip\xc8\v2.41\pic\sources\c90\common\strcspn.c estimated size: 48

shared
		_dpowers       		STRCODE        	1000	0000	10
		__initialization		CODE           	07E7	0000	22

shared estimated size: 32

C:\Program Files\Microchip\xc8\v2.41\pic\sources\c90\common\strcmp.c
		_strcmp        		CODE           	0F79	0000	39

C:\Program Files\Microchip\xc8\v2.41\pic\sources\c90\common\strcmp.c estimated size: 39

C:\Program Files\Microchip\xc8\v2.41\pic\sources\c90\common\strchr.c
		_strchr        		CODE           	0F3C	0000	30

C:\Program Files\Microchip\xc8\v2.41\pic\sources\c90\common\strchr.c estimated size: 30

C:\Program Files\Microchip\xc8\v2.41\pic\sources\c90\common\gets.c
		_gets          		CODE           	0EFC	0000	6

C:\Program Files\Microchip\xc8\v2.41\pic\sources\c90\common\gets.c estimated size: 6

C:\Program Files\Microchip\xc8\v2.41\pic\sources\c90\common\doprnt.c
		_printf        		CODE           	0239	0000	236

C:\Program Files\Microchip\xc8\v2.41\pic\sources\c90\common\doprnt.c estimated size: 236

C:\Program Files\Microchip\xc8\v2.41\pic\sources\c90\common\lwmod.c
		___lwmod       		CODE           	0016	0000	52

C:\Program Files\Microchip\xc8\v2.41\pic\sources\c90\common\lwmod.c estimated size: 52

main.c
		_PICinit       		CODE           	0F2A	0000	18
		_main          		CODE           	0325	0000	1218
		_serial_init   		CODE           	004A	0000	56

main.c estimated size: 1292

C:\Program Files\Microchip\xc8\v2.41\pic\sources\c90\common\strspn.c
		_strspn        		CODE           	0FD0	0000	48

C:\Program Files\Microchip\xc8\v2.41\pic\sources\c90\common\strspn.c estimated size: 48

