Microchip MPLAB XC8 Compiler V2.50

Linker command line:

-W-3 \
  --edf=C:\Program Files\Microchip\xc8\v2.50\pic\dat\20240725155939_en.msgs \
  -cn -h+dist/default/debug\ps-laser-util.X.debug.sym \
  --cmf=dist/default/debug\ps-laser-util.X.debug.cmf -z -Q16F648A \
  -oC:\Users\shimi\AppData\Local\Temp\xcAs15kk.\driver_tmp_3.o \
  --defsym=__MPLAB_BUILD=1 --fixupoverflow=error \
  -Mdist/default/debug/ps-laser-util.X.debug.map \
  --md=C:\Users\shimi\AppData\Local\Temp\xcAs15kk.\driver_tmp_0.dat -E1 \
  -ver=XC8 Compiler --acfsm=1493 -ACODE=00h-07FFhx2 -ASTRCODE=00h-0FFFh \
  -ASTRING=00h-0FFhx16 -ACONST=00h-0FFhx16 -AENTRY=00h-0FFhx16 \
  -ACOMMON=071h-07Fh -ABANK0=020h-06Fh -ABANK1=0A0h-0EFh \
  -ABANK2=0120h-0164h -ARAM=020h-06Fh,0A0h-0EFh,0120h-0164h \
  -AABS1=020h-07Fh,0A0h-0EFh,0120h-016Fh -ASFR0=00h-01Fh -ASFR1=080h-09Fh \
  -ASFR2=0100h-011Fh -ASFR3=0180h-01F0h -ACONFIG=02007h-02007h -DCONFIG=2 \
  -AIDLOC=02000h-02003h -DIDLOC=2 -AEEDATA=00h-0FFh/02100h \
  -peeprom_data=EEDATA -DEEDATA=2 -DCODE=2 -DSTRCODE=2 -DSTRING=2 -DCONST=2 \
  -DENTRY=2 -preset_vec=00h,intentry,sivt,init,end_init -ppowerup=CODE \
  -pcinit=CODE -pfunctab=ENTRY -k \
  C:\Users\shimi\AppData\Local\Temp\xcAs15kk.\driver_tmp_19.o \
  dist/default/debug\ps-laser-util.X.debug.o 

Object code version is 3.11

Machine type is 16F648A



                Name                               Link     Load   Length Selector   Space Scale
C:\Users\shimi\AppData\Local\Temp\xcAs15kk.\driver_tmp_19.o
                end_init                              1        1        2        0       0
                reset_vec                             0        0        1        0       0
                config                             2007     2007        1        0       4
                idloc                              2000     2000        4        0       5
dist/default/debug\ps-laser-util.X.debug.o
                cinit                               7F3      7F3        D      FE6       0
                config                             2007     2007        1        0       4
                idloc                              2000     2000        4        0       5
                text22                              1D4      1D4       25      3A8       0
                text21                              176      176       12      2EC       0
                text20                              3EF      3EF       6E      7DE       0
                text19                              326      326       42      64C       0
                text18                              274      274       3A      4E8       0
                text17                              154      154        A      2A8       0
                text16                              55C      55C       AE      AB8       0
                text15                              3AB      3AB       44      756       0
                text14                              2E9      2E9       3D      5D2       0
                text13                              14C      14C        8      298       0
                text12                              1B6      1B6       1E      36C       0
                text11                              45D      45D       7F      8BA       0
                text10                              169      169        D      2D2       0
                text9                               2AE      2AE       3B      55C       0
                text8                               1F9      1F9       25      3F2       0
                text7                               19B      19B       1B      336       0
                text6                               21E      21E       2B      43C       0
                text5                               249      249       2B      492       0
                text4                               368      368       43      6D0       0
                text3                               188      188       13      310       0
                text2                               4DC      4DC       80      9B8       0
                text1                               15E      15E        B      2BC       0
                maintext                            60A      60A      1E9      C14       0
                cstackBANK0                          20       20       4B       20       1
                cstackCOMMON                         71       71        D       71       1
                bssBANK1                             A0       A0        2       A0       1
                bssBANK0                             6B       6B        4       20       1
                nvBANK0                              6F       6F        1       20       1
                strings                               3        3       EB        6       0

TOTAL           Name                               Link     Load   Length     Space
        CLASS   CODE           
                end_init                              1        1        2         0
                cinit                               7F3      7F3        D         0
                reset_vec                             0        0        1         0
                text22                              1D4      1D4       25         0
                text21                              176      176       12         0
                text20                              3EF      3EF       6E         0
                text19                              326      326       42         0
                text18                              274      274       3A         0
                text17                              154      154        A         0
                text16                              55C      55C       AE         0
                text15                              3AB      3AB       44         0
                text14                              2E9      2E9       3D         0
                text13                              14C      14C        8         0
                text12                              1B6      1B6       1E         0
                text11                              45D      45D       7F         0
                text10                              169      169        D         0
                text9                               2AE      2AE       3B         0
                text8                               1F9      1F9       25         0
                text7                               19B      19B       1B         0
                text6                               21E      21E       2B         0
                text5                               249      249       2B         0
                text4                               368      368       43         0
                text3                               188      188       13         0
                text2                               4DC      4DC       80         0
                text1                               15E      15E        B         0
                maintext                            60A      60A      1E9         0

        CLASS   STRCODE        

        CLASS   STRING         
                strings                               3        3       EB         0

        CLASS   CONST          

        CLASS   ENTRY          

        CLASS   COMMON         
                cstackCOMMON                         71       71        D         1

        CLASS   BANK0          
                cstackBANK0                          20       20       4B         1
                bssBANK0                             6B       6B        4         1
                nvBANK0                              6F       6F        1         1

        CLASS   BANK1          
                bssBANK1                             A0       A0        2         1

        CLASS   BANK2          

        CLASS   RAM            

        CLASS   ABS1           
                abs_s1                               7E       7E        2         1

        CLASS   SFR0           

        CLASS   SFR1           

        CLASS   SFR2           

        CLASS   SFR3           

        CLASS   CONFIG         
                config                             2007     2007        1         4

        CLASS   IDLOC          
                idloc                              2000     2000        4         5

        CLASS   EEDATA         

        CLASS   BANK3          

        CLASS   HEAP           

        CLASS   STACK          



SEGMENTS        Name                           Load    Length   Top    Selector   Space  Class     Delta

                reset_vec                      000000  000003  000003         0       0  CODE        2
                strings                        000003  0000EB  0000EE         6       0  STRING      2
                cstackBANK0                    000020  000050  000070        20       1  BANK0       1
                cstackCOMMON                   000071  00000D  00007E        71       1  COMMON      1
                bssBANK1                       0000A0  000002  0000A2        A0       1  BANK1       1
                text13                         00014C  000008  000154       298       0  CODE        2
                text17                         000154  00000A  00015E       2A8       0  CODE        2
                text1                          00015E  00000B  000169       2BC       0  CODE        2
                text10                         000169  00000D  000176       2D2       0  CODE        2
                text21                         000176  000012  000188       2EC       0  CODE        2
                text3                          000188  000013  00019B       310       0  CODE        2
                text7                          00019B  00001B  0001B6       336       0  CODE        2
                text12                         0001B6  00001E  0001D4       36C       0  CODE        2
                text22                         0001D4  000025  0001F9       3A8       0  CODE        2
                text8                          0001F9  000025  00021E       3F2       0  CODE        2
                text6                          00021E  00002B  000249       43C       0  CODE        2
                text5                          000249  00002B  000274       492       0  CODE        2
                text18                         000274  00003A  0002AE       4E8       0  CODE        2
                text9                          0002AE  00003B  0002E9       55C       0  CODE        2
                text14                         0002E9  00003D  000326       5D2       0  CODE        2
                text19                         000326  000042  000368       64C       0  CODE        2
                text4                          000368  000043  0003AB       6D0       0  CODE        2
                text15                         0003AB  000044  0003EF       756       0  CODE        2
                text20                         0003EF  00006E  00045D       7DE       0  CODE        2
                text11                         00045D  00007F  0004DC       8BA       0  CODE        2
                text2                          0004DC  000080  00055C       9B8       0  CODE        2
                text16                         00055C  0000AE  00060A       AB8       0  CODE        2
                maintext                       00060A  0001E9  0007F3       C14       0  CODE        2
                cinit                          0007F3  00000D  000800       FE6       0  CODE        2


UNUSED ADDRESS RANGES

        Name                Unused          Largest block    Delta
        BANK1            00A2-00EF             4E           1
        BANK2            0120-0164             45           1
        CODE             00EE-014B             5E           2
                         0800-0FFF            800
        CONST            00EE-014B             12           2
                         0800-0FFF            100
        EEDATA           2100-21FF            100           2
        ENTRY            00EE-014B             12           2
                         0800-0FFF            100
        RAM              00A2-00EF             4E           1
                         0120-0164             45
        SFR0             0000-001F             20           1
        SFR1             0080-009F             20           1
        SFR2             0100-011F             20           1
        SFR3             0180-01F0             71           1
        STRCODE          00EE-014B             5E           2
                         0800-0FFF            800
        STRING           00EE-014B             12           2
                         0800-0FFF            100

                                  Symbol Table

?___lwdiv                   cstackCOMMON 0077
?___lwmod                   cstackBANK0  0020
?___wmul                    cstackCOMMON 0071
?_atoi                      cstackCOMMON 0077
?_printf                    cstackBANK0  0025
?_strcmp                    cstackCOMMON 0071
?_strcspn                   cstackCOMMON 0074
?_strspn                    cstackCOMMON 0074
_CCP1CON                    (abs)        0017
_CCPR1L                     (abs)        0015
_CMCON                      (abs)        001F
_PORTA                      (abs)        0005
_PORTAbits                  (abs)        0005
_PORTB                      (abs)        0006
_PORTBbits                  (abs)        0006
_PR2                        (abs)        0092
_RCIF                       (abs)        0065
_RCREG                      (abs)        001A
_RCSTA                      (abs)        0018
_RCSTAbits                  (abs)        0018
_SPBRG                      (abs)        0099
_T2CON                      (abs)        0012
_T2CONbits                  (abs)        0012
_TRISA                      (abs)        0085
_TRISB                      (abs)        0086
_TXIF                       (abs)        0064
_TXREG                      (abs)        0019
_TXSTA                      (abs)        0098
__H__absolute__             __absolute__ 0000
__Habs1                     abs1         0000
__Hbank0                    bank0        0000
__Hbank1                    bank1        0000
__Hbank2                    bank2        0000
__Hbank3                    bank3        0000
__HbssBANK0                 bssBANK0     0000
__HbssBANK1                 bssBANK1     0000
__Hcinit                    cinit        0800
__Hclrtext                  clrtext      0000
__Hcode                     code         0000
__Hcommon                   common       0000
__Hconfig                   config       2008
__HcstackBANK0              cstackBANK0  0000
__HcstackCOMMON             cstackCOMMON 0000
__Heeprom_data              eeprom_data  0000
__Hend_init                 end_init     0003
__Hfunctab                  functab      0000
__Hheap                     heap         0000
__Hidloc                    idloc        2004
__Hinit                     init         0001
__Hintentry                 intentry     0001
__Hmaintext                 maintext     0000
__HnvBANK0                  nvBANK0      0000
__Hpowerup                  powerup      0000
__Hram                      ram          0000
__Hreset_vec                reset_vec    0001
__Hsfr0                     sfr0         0000
__Hsfr1                     sfr1         0000
__Hsfr2                     sfr2         0000
__Hsfr3                     sfr3         0000
__Hsivt                     sivt         0001
__Hspace_0                  (abs)        0800
__Hspace_1                  (abs)        00A2
__Hspace_2                  (abs)        0000
__Hspace_3                  (abs)        0000
__Hspace_4                  (abs)        400F
__Hstack                    stack        0000
__Hstrings                  strings      0000
__Htext                     text         0000
__L__absolute__             __absolute__ 0000
__Labs1                     abs1         0000
__Lbank0                    bank0        0000
__Lbank1                    bank1        0000
__Lbank2                    bank2        0000
__Lbank3                    bank3        0000
__LbssBANK0                 bssBANK0     0000
__LbssBANK1                 bssBANK1     0000
__Lcinit                    cinit        07F3
__Lclrtext                  clrtext      0000
__Lcode                     code         0000
__Lcommon                   common       0000
__Lconfig                   config       0000
__LcstackBANK0              cstackBANK0  0000
__LcstackCOMMON             cstackCOMMON 0000
__Leeprom_data              eeprom_data  0000
__Lend_init                 end_init     0001
__Lfunctab                  functab      0000
__Lheap                     heap         0000
__Lidloc                    idloc        0000
__Linit                     init         0001
__Lintentry                 intentry     0001
__Lmaintext                 maintext     0000
__LnvBANK0                  nvBANK0      0000
__Lpowerup                  powerup      0000
__Lram                      ram          0000
__Lreset_vec                reset_vec    0000
__Lsfr0                     sfr0         0000
__Lsfr1                     sfr1         0000
__Lsfr2                     sfr2         0000
__Lsfr3                     sfr3         0000
__Lsivt                     sivt         0001
__Lspace_0                  (abs)        0000
__Lspace_1                  (abs)        0000
__Lspace_2                  (abs)        0000
__Lspace_3                  (abs)        0000
__Lspace_4                  (abs)        0000
__Lstack                    stack        0000
__Lstrings                  strings      0000
__Ltext                     text         0000
__S0                        (abs)        0800
__S1                        (abs)        00A2
__S3                        (abs)        0000
___heap_hi                  (abs)        0000
___heap_lo                  (abs)        0000
___int_sp                   stack        0000
___int_stack_hi             stack        0000
___int_stack_lo             stack        0000
___latbits                  (abs)        0001
___lwdiv                    text19       0326
___lwdiv@counter            cstackCOMMON 007D
___lwdiv@dividend           cstackCOMMON 0079
___lwdiv@divisor            cstackCOMMON 0077
___lwdiv@quotient           cstackCOMMON 007B
___lwmod                    text18       0274
___lwmod@counter            cstackBANK0  0024
___lwmod@dividend           cstackBANK0  0022
___lwmod@divisor            cstackBANK0  0020
___sp                       stack        0000
___stack_hi                 stack        0000
___stack_lo                 stack        0000
___stackhi                  (abs)        0000
___stacklo                  (abs)        0000
___wmul                     text22       01D4
___wmul@multiplicand        cstackCOMMON 0073
___wmul@multiplier          cstackCOMMON 0071
___wmul@product             cstackCOMMON 0075
__end_of___lwdiv            text19       0368
__end_of___lwmod            text18       02AE
__end_of___wmul             text22       01F9
__end_of__initialization    cinit        07FD
__end_of__stringtab         strings      0009
__end_of_atoi               text20       045D
__end_of_dpowers            strings      0013
__end_of_get_hall_status    text13       0154
__end_of_getch              text3        019B
__end_of_isdigit            text21       0188
__end_of_main               maintext     07F3
__end_of_printf             text16       060A
__end_of_ps_laser_util_init text11       04DC
__end_of_putch              text17       015E
__end_of_pwm_init           text10       0176
__end_of_pwm_percent        text15       03EF
__end_of_shutter_close      text9        02E9
__end_of_shutter_open       text14       0326
__end_of_shutter_safe       text12       01D4
__end_of_strchr             text7        01B6
__end_of_strcmp             text8        021E
__end_of_strcspn            text6        0249
__end_of_strspn             text5        0274
__end_of_strtok             text4        03AB
__end_of_uart_gets          text2        055C
__end_of_uart_init          text1        0169
__initialization            cinit        07F3
__pbssBANK0                 bssBANK0     006B
__pbssBANK1                 bssBANK1     00A0
__pcstackBANK0              cstackBANK0  0020
__pcstackCOMMON             cstackCOMMON 0071
__pmaintext                 maintext     060A
__pnvBANK0                  nvBANK0      006F
__pstrings                  strings      0003
__ptext1                    text1        015E
__ptext10                   text10       0169
__ptext11                   text11       045D
__ptext12                   text12       01B6
__ptext13                   text13       014C
__ptext14                   text14       02E9
__ptext15                   text15       03AB
__ptext16                   text16       055C
__ptext17                   text17       0154
__ptext18                   text18       0274
__ptext19                   text19       0326
__ptext2                    text2        04DC
__ptext20                   text20       03EF
__ptext21                   text21       0176
__ptext22                   text22       01D4
__ptext3                    text3        0188
__ptext4                    text4        0368
__ptext5                    text5        0249
__ptext6                    text6        021E
__ptext7                    text7        019B
__ptext8                    text8        01F9
__ptext9                    text9        02AE
__stringbase                strings      0008
__stringtab                 strings      0003
_atoi                       text20       03EF
_dcf_on_off                 bssBANK0     006D
_dpowers                    strings      0009
_get_hall_status            text13       014C
_getch                      text3        0188
_hall_status                bssBANK0     006C
_isdigit                    text21       0176
_isdigit$769                cstackCOMMON 0071
_ld_on_off                  bssBANK0     006E
_main                       maintext     060A
_printf                     text16       055C
_ps_laser_util_init         text11       045D
_putch                      text17       0154
_pwm_init                   text10       0169
_pwm_percent                text15       03AB
_safe_status                bssBANK1     00A0
_sht_on_off                 nvBANK0      006F
_shutter_close              text9        02AE
_shutter_open               text14       02E9
_shutter_safe               text12       01B6
_strchr                     text7        019B
_strcmp                     text8        01F9
_strcspn                    text6        021E
_strspn                     text5        0249
_strtok                     text4        0368
_uart_gets                  text2        04DC
_uart_init                  text1        015E
atoi@a                      cstackCOMMON 007C
atoi@s                      cstackCOMMON 0077
atoi@sign                   cstackCOMMON 007B
btemp                       (abs)        007E
end_of_initialization       cinit        07FD
intlevel0                   functab      0000
intlevel1                   functab      0000
intlevel2                   functab      0000
intlevel3                   functab      0000
intlevel4                   functab      0000
intlevel5                   functab      0000
isdigit@c                   cstackCOMMON 0072
main@cmd                    cstackBANK0  0065
main@ptr                    cstackBANK0  006A
main@rcmd                   cstackBANK0  0066
main@tmp                    cstackBANK0  003D
printf@ap                   cstackBANK0  002D
printf@c                    cstackBANK0  0032
printf@f                    cstackBANK0  0025
printf@flag                 cstackBANK0  002E
printf@prec                 cstackBANK0  002F
printf@val                  cstackBANK0  0030
ps_laser_util_init@i        cstackBANK0  0037
putch@byte                  cstackCOMMON 0071
pwm_percent@hw_value        cstackBANK0  0022
pwm_percent@percent         cstackBANK0  0024
reset_vec                   reset_vec    0000
start                       init         0001
start_initialization        cinit        07F3
strchr@chr                  cstackCOMMON 0072
strchr@ptr                  cstackCOMMON 0071
strcmp@r                    cstackCOMMON 0075
strcmp@s1                   cstackCOMMON 0071
strcmp@s2                   cstackCOMMON 0072
strcspn@i                   cstackCOMMON 0078
strcspn@s1                  cstackCOMMON 0074
strcspn@s2                  cstackCOMMON 0075
strspn@i                    cstackCOMMON 0078
strspn@s1                   cstackCOMMON 0074
strspn@s2                   cstackCOMMON 0075
strtok@s1                   cstackCOMMON 007A
strtok@s2                   cstackCOMMON 007B
strtok@sp                   bssBANK0     006B
uart_gets@buffer            cstackCOMMON 0072
uart_gets@c                 cstackCOMMON 0079
uart_gets@idx               cstackCOMMON 0077
uart_gets@max_len           cstackCOMMON 0073
wtemp0                      (abs)        007E


MODULE INFORMATION

Module		Function		Class		Link	Load	Size
C:\Program Files\Microchip\xc8\v2.50\pic\sources\c90\common\strcmp.c
		_strcmp        		CODE           	01F9	0000	37

C:\Program Files\Microchip\xc8\v2.50\pic\sources\c90\common\strcmp.c estimated size: 37

C:\Program Files\Microchip\xc8\v2.50\pic\sources\c90\common\strchr.c
		_strchr        		CODE           	019B	0000	27

C:\Program Files\Microchip\xc8\v2.50\pic\sources\c90\common\strchr.c estimated size: 27

uart.c
		_putch         		CODE           	0154	0000	10
		_uart_init     		CODE           	015E	0000	11
		_uart_gets     		CODE           	04DC	0000	128
		_getch         		CODE           	0188	0000	19

uart.c estimated size: 168

C:\Program Files\Microchip\xc8\v2.50\pic\sources\c90\common\doprnt.c
		_printf        		CODE           	055C	0000	174

C:\Program Files\Microchip\xc8\v2.50\pic\sources\c90\common\doprnt.c estimated size: 174

C:\Program Files\Microchip\xc8\v2.50\pic\sources\c90\common\lwmod.c
		___lwmod       		CODE           	0274	0000	58

C:\Program Files\Microchip\xc8\v2.50\pic\sources\c90\common\lwmod.c estimated size: 58

C:\Program Files\Microchip\xc8\v2.50\pic\sources\c90\common\strspn.c
		_strspn        		CODE           	0249	0000	43

C:\Program Files\Microchip\xc8\v2.50\pic\sources\c90\common\strspn.c estimated size: 43

pwm.c
		_pwm_percent   		CODE           	03AB	0000	68
		_pwm_init      		CODE           	0169	0000	13

pwm.c estimated size: 81

C:\Program Files\Microchip\xc8\v2.50\pic\sources\c90\common\Umul16.c
		___wmul        		CODE           	01D4	0000	37

C:\Program Files\Microchip\xc8\v2.50\pic\sources\c90\common\Umul16.c estimated size: 37

C:\Program Files\Microchip\xc8\v2.50\pic\sources\c90\common\lwdiv.c
		___lwdiv       		CODE           	0326	0000	66

C:\Program Files\Microchip\xc8\v2.50\pic\sources\c90\common\lwdiv.c estimated size: 66

C:\Program Files\Microchip\xc8\v2.50\pic\sources\c90\common\atoi.c
		_atoi          		CODE           	03EF	0000	110

C:\Program Files\Microchip\xc8\v2.50\pic\sources\c90\common\atoi.c estimated size: 110

shared
		__stringtab    		STRING         	0003	0000	6
		_dpowers       		STRING         	0009	0000	10
		__initialization		CODE           	07F3	0000	10

shared estimated size: 26

C:\Program Files\Microchip\xc8\v2.50\pic\sources\c90\common\strtok.c
		_strtok        		CODE           	0368	0000	67

C:\Program Files\Microchip\xc8\v2.50\pic\sources\c90\common\strtok.c estimated size: 67

C:\Program Files\Microchip\xc8\v2.50\pic\sources\c90\common\isdigit.c
		_isdigit       		CODE           	0176	0000	18

C:\Program Files\Microchip\xc8\v2.50\pic\sources\c90\common\isdigit.c estimated size: 18

C:\Program Files\Microchip\xc8\v2.50\pic\sources\c90\common\strcspn.c
		_strcspn       		CODE           	021E	0000	43

C:\Program Files\Microchip\xc8\v2.50\pic\sources\c90\common\strcspn.c estimated size: 43

main.c
		_main          		CODE           	060A	0000	489
		_ps_laser_util_init		CODE           	045D	0000	127
		_get_hall_status		CODE           	014C	0000	8
		_shutter_safe  		CODE           	01B6	0000	30
		_shutter_open  		CODE           	02E9	0000	61
		_shutter_close 		CODE           	02AE	0000	59

main.c estimated size: 774

